Archive member included to satisfy reference by file (symbol)

c:/st/stm32cubeide_1.8.0/stm32cubeide/plugins/com.st.stm32cube.ide.mcu.externaltools.gnu-tools-for-stm32.9-2020-q2-update.win32_2.0.0.202105311346/tools/bin/../lib/gcc/arm-none-eabi/9.3.1/../../../../arm-none-eabi/lib/thumb/v7e-m+fp/hard\libc_nano.a(lib_a-errno.o)
                              ./Core/Src/syscalls.o (__errno)
c:/st/stm32cubeide_1.8.0/stm32cubeide/plugins/com.st.stm32cube.ide.mcu.externaltools.gnu-tools-for-stm32.9-2020-q2-update.win32_2.0.0.202105311346/tools/bin/../lib/gcc/arm-none-eabi/9.3.1/../../../../arm-none-eabi/lib/thumb/v7e-m+fp/hard\libc_nano.a(lib_a-exit.o)
                              c:/st/stm32cubeide_1.8.0/stm32cubeide/plugins/com.st.stm32cube.ide.mcu.externaltools.gnu-tools-for-stm32.9-2020-q2-update.win32_2.0.0.202105311346/tools/bin/../lib/gcc/arm-none-eabi/9.3.1/../../../../arm-none-eabi/lib/thumb/v7e-m+fp/hard/crt0.o (exit)
c:/st/stm32cubeide_1.8.0/stm32cubeide/plugins/com.st.stm32cube.ide.mcu.externaltools.gnu-tools-for-stm32.9-2020-q2-update.win32_2.0.0.202105311346/tools/bin/../lib/gcc/arm-none-eabi/9.3.1/../../../../arm-none-eabi/lib/thumb/v7e-m+fp/hard\libc_nano.a(lib_a-impure.o)
                              c:/st/stm32cubeide_1.8.0/stm32cubeide/plugins/com.st.stm32cube.ide.mcu.externaltools.gnu-tools-for-stm32.9-2020-q2-update.win32_2.0.0.202105311346/tools/bin/../lib/gcc/arm-none-eabi/9.3.1/../../../../arm-none-eabi/lib/thumb/v7e-m+fp/hard\libc_nano.a(lib_a-exit.o) (_global_impure_ptr)
c:/st/stm32cubeide_1.8.0/stm32cubeide/plugins/com.st.stm32cube.ide.mcu.externaltools.gnu-tools-for-stm32.9-2020-q2-update.win32_2.0.0.202105311346/tools/bin/../lib/gcc/arm-none-eabi/9.3.1/../../../../arm-none-eabi/lib/thumb/v7e-m+fp/hard\libc_nano.a(lib_a-init.o)
                              c:/st/stm32cubeide_1.8.0/stm32cubeide/plugins/com.st.stm32cube.ide.mcu.externaltools.gnu-tools-for-stm32.9-2020-q2-update.win32_2.0.0.202105311346/tools/bin/../lib/gcc/arm-none-eabi/9.3.1/../../../../arm-none-eabi/lib/thumb/v7e-m+fp/hard/crt0.o (__libc_init_array)
c:/st/stm32cubeide_1.8.0/stm32cubeide/plugins/com.st.stm32cube.ide.mcu.externaltools.gnu-tools-for-stm32.9-2020-q2-update.win32_2.0.0.202105311346/tools/bin/../lib/gcc/arm-none-eabi/9.3.1/../../../../arm-none-eabi/lib/thumb/v7e-m+fp/hard\libc_nano.a(lib_a-memset.o)
                              c:/st/stm32cubeide_1.8.0/stm32cubeide/plugins/com.st.stm32cube.ide.mcu.externaltools.gnu-tools-for-stm32.9-2020-q2-update.win32_2.0.0.202105311346/tools/bin/../lib/gcc/arm-none-eabi/9.3.1/../../../../arm-none-eabi/lib/thumb/v7e-m+fp/hard/crt0.o (memset)
c:/st/stm32cubeide_1.8.0/stm32cubeide/plugins/com.st.stm32cube.ide.mcu.externaltools.gnu-tools-for-stm32.9-2020-q2-update.win32_2.0.0.202105311346/tools/bin/../lib/gcc/arm-none-eabi/9.3.1/../../../../arm-none-eabi/lib/thumb/v7e-m+fp/hard\libc_nano.a(lib_a-sprintf.o)
                              ./Core/Src/ESP8266_HAL.o (sprintf)
c:/st/stm32cubeide_1.8.0/stm32cubeide/plugins/com.st.stm32cube.ide.mcu.externaltools.gnu-tools-for-stm32.9-2020-q2-update.win32_2.0.0.202105311346/tools/bin/../lib/gcc/arm-none-eabi/9.3.1/../../../../arm-none-eabi/lib/thumb/v7e-m+fp/hard\libc_nano.a(lib_a-strcmp.o)
                              ./Core/Src/ESP8266_HAL.o (strcmp)
c:/st/stm32cubeide_1.8.0/stm32cubeide/plugins/com.st.stm32cube.ide.mcu.externaltools.gnu-tools-for-stm32.9-2020-q2-update.win32_2.0.0.202105311346/tools/bin/../lib/gcc/arm-none-eabi/9.3.1/../../../../arm-none-eabi/lib/thumb/v7e-m+fp/hard\libc_nano.a(lib_a-strlen.o)
                              ./Core/Src/ESP8266_HAL.o (strlen)
c:/st/stm32cubeide_1.8.0/stm32cubeide/plugins/com.st.stm32cube.ide.mcu.externaltools.gnu-tools-for-stm32.9-2020-q2-update.win32_2.0.0.202105311346/tools/bin/../lib/gcc/arm-none-eabi/9.3.1/../../../../arm-none-eabi/lib/thumb/v7e-m+fp/hard\libc_nano.a(lib_a-nano-svfprintf.o)
                              c:/st/stm32cubeide_1.8.0/stm32cubeide/plugins/com.st.stm32cube.ide.mcu.externaltools.gnu-tools-for-stm32.9-2020-q2-update.win32_2.0.0.202105311346/tools/bin/../lib/gcc/arm-none-eabi/9.3.1/../../../../arm-none-eabi/lib/thumb/v7e-m+fp/hard\libc_nano.a(lib_a-sprintf.o) (_svfprintf_r)
c:/st/stm32cubeide_1.8.0/stm32cubeide/plugins/com.st.stm32cube.ide.mcu.externaltools.gnu-tools-for-stm32.9-2020-q2-update.win32_2.0.0.202105311346/tools/bin/../lib/gcc/arm-none-eabi/9.3.1/../../../../arm-none-eabi/lib/thumb/v7e-m+fp/hard\libc_nano.a(lib_a-nano-vfprintf_i.o)
                              c:/st/stm32cubeide_1.8.0/stm32cubeide/plugins/com.st.stm32cube.ide.mcu.externaltools.gnu-tools-for-stm32.9-2020-q2-update.win32_2.0.0.202105311346/tools/bin/../lib/gcc/arm-none-eabi/9.3.1/../../../../arm-none-eabi/lib/thumb/v7e-m+fp/hard\libc_nano.a(lib_a-nano-svfprintf.o) (_printf_i)
[...]
Memory Configuration

Name             Origin             Length             Attributes
CCMRAM           0x0000000010000000 0x0000000000010000 xrw
RAM              0x0000000020000000 0x0000000000030000 xrw
FLASH            0x0000000008000000 0x0000000000200000 xr
*default*        0x0000000000000000 0xffffffffffffffff

Linker script and memory map

LOAD c:/st/stm32cubeide_1.8.0/stm32cubeide/plugins/com.st.stm32cube.ide.mcu.externaltools.gnu-tools-for-stm32.9-2020-q2-update.win32_2.0.0.202105311346/tools/bin/../lib/gcc/arm-none-eabi/9.3.1/thumb/v7e-m+fp/hard/crti.o
LOAD c:/st/stm32cubeide_1.8.0/stm32cubeide/plugins/com.st.stm32cube.ide.mcu.externaltools.gnu-tools-for-stm32.9-2020-q2-update.win32_2.0.0.202105311346/tools/bin/../lib/gcc/arm-none-eabi/9.3.1/thumb/v7e-m+fp/hard/crtbegin.o
LOAD c:/st/stm32cubeide_1.8.0/stm32cubeide/plugins/com.st.stm32cube.ide.mcu.externaltools.gnu-tools-for-stm32.9-2020-q2-update.win32_2.0.0.202105311346/tools/bin/../lib/gcc/arm-none-eabi/9.3.1/../../../../arm-none-eabi/lib/thumb/v7e-m+fp/hard/crt0.o
LOAD ./Core/Src/ESP8266_HAL.o
LOAD ./Core/Src/UartRingbuffer_multi.o
LOAD ./Core/Src/main.o
LOAD ./Core/Src/stm32f4xx_hal_msp.o
LOAD ./Core/Src/stm32f4xx_it.o
LOAD ./Core/Src/syscalls.o
LOAD ./Core/Src/sysmem.o
LOAD ./Core/Src/system_stm32f4xx.o
LOAD ./Core/Startup/startup_stm32f429zitx.o
LOAD ./Drivers/STM32F4xx_HAL_Driver/Src/stm32f4xx_hal.o
LOAD ./Drivers/STM32F4xx_HAL_Driver/Src/stm32f4xx_hal_cortex.o
LOAD ./Drivers/STM32F4xx_HAL_Driver/Src/stm32f4xx_hal_dma.o
LOAD ./Drivers/STM32F4xx_HAL_Driver/Src/stm32f4xx_hal_dma_ex.o
LOAD ./Drivers/STM32F4xx_HAL_Driver/Src/stm32f4xx_hal_exti.o
LOAD ./Drivers/STM32F4xx_HAL_Driver/Src/stm32f4xx_hal_flash.o
LOAD ./Drivers/STM32F4xx_HAL_Driver/Src/stm32f4xx_hal_flash_ex.o
LOAD ./Drivers/STM32F4xx_HAL_Driver/Src/stm32f4xx_hal_flash_ramfunc.o
LOAD ./Drivers/STM32F4xx_HAL_Driver/Src/stm32f4xx_hal_gpio.o
LOAD ./Drivers/STM32F4xx_HAL_Driver/Src/stm32f4xx_hal_pwr.o
LOAD ./Drivers/STM32F4xx_HAL_Driver/Src/stm32f4xx_hal_pwr_ex.o
LOAD ./Drivers/STM32F4xx_HAL_Driver/Src/stm32f4xx_hal_rcc.o
LOAD ./Drivers/STM32F4xx_HAL_Driver/Src/stm32f4xx_hal_rcc_ex.o
LOAD ./Drivers/STM32F4xx_HAL_Driver/Src/stm32f4xx_hal_tim.o
LOAD ./Drivers/STM32F4xx_HAL_Driver/Src/stm32f4xx_hal_tim_ex.o
LOAD ./Drivers/STM32F4xx_HAL_Driver/Src/stm32f4xx_hal_uart.o
START GROUP
LOAD c:/st/stm32cubeide_1.8.0/stm32cubeide/plugins/com.st.stm32cube.ide.mcu.externaltools.gnu-tools-for-stm32.9-2020-q2-update.win32_2.0.0.202105311346/tools/bin/../lib/gcc/arm-none-eabi/9.3.1/../../../../arm-none-eabi/lib/thumb/v7e-m+fp/hard\libc_nano.a
LOAD c:/st/stm32cubeide_1.8.0/stm32cubeide/plugins/com.st.stm32cube.ide.mcu.externaltools.gnu-tools-for-stm32.9-2020-q2-update.win32_2.0.0.202105311346/tools/bin/../lib/gcc/arm-none-eabi/9.3.1/../../../../arm-none-eabi/lib/thumb/v7e-m+fp/hard\libm.a
END GROUP
START GROUP
LOAD c:/st/stm32cubeide_1.8.0/stm32cubeide/plugins/com.st.stm32cube.ide.mcu.externaltools.gnu-tools-for-stm32.9-2020-q2-update.win32_2.0.0.202105311346/tools/bin/../lib/gcc/arm-none-eabi/9.3.1/thumb/v7e-m+fp/hard\libgcc.a
LOAD c:/st/stm32cubeide_1.8.0/stm32cubeide/plugins/com.st.stm32cube.ide.mcu.externaltools.gnu-tools-for-stm32.9-2020-q2-update.win32_2.0.0.202105311346/tools/bin/../lib/gcc/arm-none-eabi/9.3.1/../../../../arm-none-eabi/lib/thumb/v7e-m+fp/hard\libc_nano.a
END GROUP
START GROUP
LOAD c:/st/stm32cubeide_1.8.0/stm32cubeide/plugins/com.st.stm32cube.ide.mcu.externaltools.gnu-tools-for-stm32.9-2020-q2-update.win32_2.0.0.202105311346/tools/bin/../lib/gcc/arm-none-eabi/9.3.1/thumb/v7e-m+fp/hard\libgcc.a
LOAD c:/st/stm32cubeide_1.8.0/stm32cubeide/plugins/com.st.stm32cube.ide.mcu.externaltools.gnu-tools-for-stm32.9-2020-q2-update.win32_2.0.0.202105311346/tools/bin/../lib/gcc/arm-none-eabi/9.3.1/../../../../arm-none-eabi/lib/thumb/v7e-m+fp/hard\libc_nano.a
LOAD c:/st/stm32cubeide_1.8.0/stm32cubeide/plugins/com.st.stm32cube.ide.mcu.externaltools.gnu-tools-for-stm32.9-2020-q2-update.win32_2.0.0.202105311346/tools/bin/../lib/gcc/arm-none-eabi/9.3.1/../../../../arm-none-eabi/lib/thumb/v7e-m+fp/hard\libnosys.a
END GROUP
START GROUP
LOAD c:/st/stm32cubeide_1.8.0/stm32cubeide/plugins/com.st.stm32cube.ide.mcu.externaltools.gnu-tools-for-stm32.9-2020-q2-update.win32_2.0.0.202105311346/tools/bin/../lib/gcc/arm-none-eabi/9.3.1/thumb/v7e-m+fp/hard\libgcc.a
LOAD c:/st/stm32cubeide_1.8.0/stm32cubeide/plugins/com.st.stm32cube.ide.mcu.externaltools.gnu-tools-for-stm32.9-2020-q2-update.win32_2.0.0.202105311346/tools/bin/../lib/gcc/arm-none-eabi/9.3.1/../../../../arm-none-eabi/lib/thumb/v7e-m+fp/hard\libc_nano.a
LOAD c:/st/stm32cubeide_1.8.0/stm32cubeide/plugins/com.st.stm32cube.ide.mcu.externaltools.gnu-tools-for-stm32.9-2020-q2-update.win32_2.0.0.202105311346/tools/bin/../lib/gcc/arm-none-eabi/9.3.1/../../../../arm-none-eabi/lib/thumb/v7e-m+fp/hard\libnosys.a
END GROUP
LOAD c:/st/stm32cubeide_1.8.0/stm32cubeide/plugins/com.st.stm32cube.ide.mcu.externaltools.gnu-tools-for-stm32.9-2020-q2-update.win32_2.0.0.202105311346/tools/bin/../lib/gcc/arm-none-eabi/9.3.1/thumb/v7e-m+fp/hard/crtend.o
LOAD c:/st/stm32cubeide_1.8.0/stm32cubeide/plugins/com.st.stm32cube.ide.mcu.externaltools.gnu-tools-for-stm32.9-2020-q2-update.win32_2.0.0.202105311346/tools/bin/../lib/gcc/arm-none-eabi/9.3.1/thumb/v7e-m+fp/hard/crtn.o
                0x0000000020030000                _estack = (ORIGIN (RAM) + LENGTH (RAM))
                0x0000000000000200                _Min_Heap_Size = 0x200
                0x0000000000000400                _Min_Stack_Size = 0x400

.isr_vector     0x0000000008000000      0x1ac
                0x0000000008000000                . = ALIGN (0x4)
 *(.isr_vector)
 .isr_vector    0x0000000008000000      0x1ac ./Core/Startup/startup_stm32f429zitx.o
                0x0000000008000000                g_pfnVectors
                0x00000000080001ac                . = ALIGN (0x4)

.text           0x00000000080001b0     0x64c0
                0x00000000080001b0                . = ALIGN (0x4)
 *(.text)
 .text          0x00000000080001b0       0x40 c:/st/stm32cubeide_1.8.0/stm32cubeide/plugins/com.st.stm32cube.ide.mcu.externaltools.gnu-tools-for-stm32.9-2020-q2-update.win32_2.0.0.202105311346/tools/bin/../lib/gcc/arm-none-eabi/9.3.1/thumb/v7e-m+fp/hard/crtbegin.o
 .text          0x00000000080001f0       0x14 c:/st/stm32cubeide_1.8.0/stm32cubeide/plugins/com.st.stm32cube.ide.mcu.externaltools.gnu-tools-for-stm32.9-2020-q2-update.win32_2.0.0.202105311346/tools/bin/../lib/gcc/arm-none-eabi/9.3.1/../../../../arm-none-eabi/lib/thumb/v7e-m+fp/hard\libc_nano.a(lib_a-strcmp.o)
                0x00000000080001f0                strcmp
 .text          0x0000000008000204       0x10 c:/st/stm32cubeide_1.8.0/stm32cubeide/plugins/com.st.stm32cube.ide.mcu.externaltools.gnu-tools-for-stm32.9-2020-q2-update.win32_2.0.0.202105311346/tools/bin/../lib/gcc/arm-none-eabi/9.3.1/../../../../arm-none-eabi/lib/thumb/v7e-m+fp/hard\libc_nano.a(lib_a-strlen.o)
                0x0000000008000204                strlen
 *fill*         0x0000000008000214        0xc 
 .text          0x0000000008000220       0xa0 c:/st/stm32cubeide_1.8.0/stm32cubeide/plugins/com.st.stm32cube.ide.mcu.externaltools.gnu-tools-for-stm32.9-2020-q2-update.win32_2.0.0.202105311346/tools/bin/../lib/gcc/arm-none-eabi/9.3.1/../../../../arm-none-eabi/lib/thumb/v7e-m+fp/hard\libc_nano.a(lib_a-memchr.o)
                0x0000000008000220                memchr
 .text          0x00000000080002c0       0x30 c:/st/stm32cubeide_1.8.0/stm32cubeide/plugins/com.st.stm32cube.ide.mcu.externaltools.gnu-tools-for-stm32.9-2020-q2-update.win32_2.0.0.202105311346/tools/bin/../lib/gcc/arm-none-eabi/9.3.1/thumb/v7e-m+fp/hard\libgcc.a(_aeabi_uldivmod.o)
                0x00000000080002c0                __aeabi_uldivmod
 .text          0x00000000080002f0      0x2c4 c:/st/stm32cubeide_1.8.0/stm32cubeide/plugins/com.st.stm32cube.ide.mcu.externaltools.gnu-tools-for-stm32.9-2020-q2-update.win32_2.0.0.202105311346/tools/bin/../lib/gcc/arm-none-eabi/9.3.1/thumb/v7e-m+fp/hard\libgcc.a(_udivmoddi4.o)
                0x00000000080002f0                __udivmoddi4
 .text          0x00000000080005b4        0x4 c:/st/stm32cubeide_1.8.0/stm32cubeide/plugins/com.st.stm32cube.ide.mcu.externaltools.gnu-tools-for-stm32.9-2020-q2-update.win32_2.0.0.202105311346/tools/bin/../lib/gcc/arm-none-eabi/9.3.1/thumb/v7e-m+fp/hard\libgcc.a(_dvmd_tls.o)
                0x00000000080005b4                __aeabi_idiv0
                0x00000000080005b4                __aeabi_ldiv0
 *(.text*)
 .text.ESP_Init
                0x00000000080005b8      0x21c ./Core/Src/ESP8266_HAL.o
                0x00000000080005b8                ESP_Init
 .text.Server_Send
                0x00000000080007d4       0xa0 ./Core/Src/ESP8266_HAL.o
                0x00000000080007d4                Server_Send
 .text.Server_Handle
                0x0000000008000874      0x134 ./Core/Src/ESP8266_HAL.o
                0x0000000008000874                Server_Handle
 .text.Server_Start
                0x00000000080009a8      0x7bc ./Core/Src/ESP8266_HAL.o
                0x00000000080009a8                Server_Start
 .text.Ringbuf_init
                0x0000000008001164       0x90 ./Core/Src/UartRingbuffer_multi.o
                0x0000000008001164                Ringbuf_init
 .text.store_char
                0x00000000080011f4       0x46 ./Core/Src/UartRingbuffer_multi.o
                0x00000000080011f4                store_char
 .text.Look_for
                0x000000000800123a       0xa4 ./Core/Src/UartRingbuffer_multi.o
                0x000000000800123a                Look_for
 *fill*         0x00000000080012de        0x2 
 .text.Uart_flush
                0x00000000080012e0       0x64 ./Core/Src/UartRingbuffer_multi.o
                0x00000000080012e0                Uart_flush
 .text.Uart_peek
                0x0000000008001344       0x8c ./Core/Src/UartRingbuffer_multi.o
                0x0000000008001344                Uart_peek
 .text.Uart_read
                0x00000000080013d0       0xc0 ./Core/Src/UartRingbuffer_multi.o
                0x00000000080013d0                Uart_read
 .text.Uart_write
                0x0000000008001490       0xd8 ./Core/Src/UartRingbuffer_multi.o
                0x0000000008001490                Uart_write
 .text.IsDataAvailable
                0x0000000008001568       0x80 ./Core/Src/UartRingbuffer_multi.o
                0x0000000008001568                IsDataAvailable
 .text.Get_after
                0x00000000080015e8       0x5e ./Core/Src/UartRingbuffer_multi.o
                0x00000000080015e8                Get_after
 .text.Uart_sendstring
                0x0000000008001646       0x2e ./Core/Src/UartRingbuffer_multi.o
                0x0000000008001646                Uart_sendstring
 .text.Copy_upto
                0x0000000008001674       0xfc ./Core/Src/UartRingbuffer_multi.o
                0x0000000008001674                Copy_upto
 .text.Wait_for
                0x0000000008001770       0xb8 ./Core/Src/UartRingbuffer_multi.o
                0x0000000008001770                Wait_for
 .text.Uart_isr
                0x0000000008001828      0x154 ./Core/Src/UartRingbuffer_multi.o
                0x0000000008001828                Uart_isr
 .text.main     0x000000000800197c      0xbec ./Core/Src/main.o
                0x000000000800197c                main
 .text.SystemClock_Config
                0x0000000008002568       0xd4 ./Core/Src/main.o
                0x0000000008002568                SystemClock_Config
 .text.MX_TIM2_Init
                0x000000000800263c       0xec ./Core/Src/main.o
 .text.MX_TIM3_Init
                0x0000000008002728       0xec ./Core/Src/main.o
 .text.MX_TIM6_Init
                0x0000000008002814       0x6c ./Core/Src/main.o
 .text.MX_USART2_UART_Init
                0x0000000008002880       0x54 ./Core/Src/main.o
 .text.MX_USART3_UART_Init
                0x00000000080028d4       0x54 ./Core/Src/main.o
 .text.MX_GPIO_Init
                0x0000000008002928      0x18c ./Core/Src/main.o
 .text.HAL_GPIO_EXTI_Callback
                0x0000000008002ab4       0x40 ./Core/Src/main.o
                0x0000000008002ab4                HAL_GPIO_EXTI_Callback
 .text.LM_Guide_ENA
                0x0000000008002af4       0x38 ./Core/Src/main.o
                0x0000000008002af4                LM_Guide_ENA
 .text.LM_Guide_DIR
                0x0000000008002b2c       0x38 ./Core/Src/main.o
                0x0000000008002b2c                LM_Guide_DIR
 .text.LM_Guide_Move
                0x0000000008002b64      0x100 ./Core/Src/main.o
                0x0000000008002b64                LM_Guide_Move
 .text.Wheel_DIR
                0x0000000008002c64       0x4c ./Core/Src/main.o
                0x0000000008002c64                Wheel_DIR
 .text.TUK_Locker_Car_Move_Delay
                0x0000000008002cb0       0xa0 ./Core/Src/main.o
                0x0000000008002cb0                TUK_Locker_Car_Move_Delay
 .text.HAL_TIM_PeriodElapsedCallback
                0x0000000008002d50       0x70 ./Core/Src/main.o
                0x0000000008002d50                HAL_TIM_PeriodElapsedCallback
 .text.HAL_TIM_PWM_PulseFinishedCallback
                0x0000000008002dc0       0x4c ./Core/Src/main.o
                0x0000000008002dc0                HAL_TIM_PWM_PulseFinishedCallback
 .text.Elevator
                0x0000000008002e0c      0x170 ./Core/Src/main.o
                0x0000000008002e0c                Elevator
 .text.Error_Handler
                0x0000000008002f7c        0xa ./Core/Src/main.o
                0x0000000008002f7c                Error_Handler
 *fill*         0x0000000008002f86        0x2 
 .text.HAL_MspInit
                0x0000000008002f88       0x50 ./Core/Src/stm32f4xx_hal_msp.o
                0x0000000008002f88                HAL_MspInit
 .text.HAL_TIM_Base_MspInit
                0x0000000008002fd8       0xb4 ./Core/Src/stm32f4xx_hal_msp.o
                0x0000000008002fd8                HAL_TIM_Base_MspInit
 .text.HAL_TIM_MspPostInit
                0x000000000800308c       0xbc ./Core/Src/stm32f4xx_hal_msp.o
                0x000000000800308c                HAL_TIM_MspPostInit
 .text.HAL_UART_MspInit
                0x0000000008003148      0x11c ./Core/Src/stm32f4xx_hal_msp.o
                0x0000000008003148                HAL_UART_MspInit
 .text.NMI_Handler
                0x0000000008003264        0x6 ./Core/Src/stm32f4xx_it.o
                0x0000000008003264                NMI_Handler
 .text.HardFault_Handler
                0x000000000800326a        0x6 ./Core/Src/stm32f4xx_it.o
                0x000000000800326a                HardFault_Handler
 .text.MemManage_Handler
                0x0000000008003270        0x6 ./Core/Src/stm32f4xx_it.o
                0x0000000008003270                MemManage_Handler
 .text.BusFault_Handler
                0x0000000008003276        0x6 ./Core/Src/stm32f4xx_it.o
                0x0000000008003276                BusFault_Handler
 .text.UsageFault_Handler
                0x000000000800327c        0x6 ./Core/Src/stm32f4xx_it.o
                0x000000000800327c                UsageFault_Handler
 .text.SVC_Handler
                0x0000000008003282        0xe ./Core/Src/stm32f4xx_it.o
                0x0000000008003282                SVC_Handler
 .text.DebugMon_Handler
                0x0000000008003290        0xe ./Core/Src/stm32f4xx_it.o
                0x0000000008003290                DebugMon_Handler
 .text.PendSV_Handler
                0x000000000800329e        0xe ./Core/Src/stm32f4xx_it.o
                0x000000000800329e                PendSV_Handler
 .text.SysTick_Handler
                0x00000000080032ac        0xc ./Core/Src/stm32f4xx_it.o
                0x00000000080032ac                SysTick_Handler
 .text.TIM3_IRQHandler
                0x00000000080032b8       0x14 ./Core/Src/stm32f4xx_it.o
                0x00000000080032b8                TIM3_IRQHandler
 .text.USART2_IRQHandler
                0x00000000080032cc       0x14 ./Core/Src/stm32f4xx_it.o
                0x00000000080032cc                USART2_IRQHandler
 .text.USART3_IRQHandler
                0x00000000080032e0       0x14 ./Core/Src/stm32f4xx_it.o
                0x00000000080032e0                USART3_IRQHandler
 .text.EXTI15_10_IRQHandler
                0x00000000080032f4       0x10 ./Core/Src/stm32f4xx_it.o
                0x00000000080032f4                EXTI15_10_IRQHandler
 .text.TIM6_DAC_IRQHandler
                0x0000000008003304       0x14 ./Core/Src/stm32f4xx_it.o
                0x0000000008003304                TIM6_DAC_IRQHandler
 .text._sbrk    0x0000000008003318       0x6c ./Core/Src/sysmem.o
                0x0000000008003318                _sbrk
 .text.SystemInit
                0x0000000008003384       0x24 ./Core/Src/system_stm32f4xx.o
                0x0000000008003384                SystemInit
 .text.Reset_Handler
                0x00000000080033a8       0x50 ./Core/Startup/startup_stm32f429zitx.o
                0x00000000080033a8                Reset_Handler
 .text.Default_Handler
                0x00000000080033f8        0x2 ./Core/Startup/startup_stm32f429zitx.o
                0x00000000080033f8                RTC_Alarm_IRQHandler
                0x00000000080033f8                HASH_RNG_IRQHandler
                0x00000000080033f8                EXTI2_IRQHandler
                0x00000000080033f8                TIM8_CC_IRQHandler
                0x00000000080033f8                UART8_IRQHandler
                0x00000000080033f8                SPI4_IRQHandler
                0x00000000080033f8                TIM1_CC_IRQHandler
                0x00000000080033f8                DMA2_Stream5_IRQHandler
                0x00000000080033f8                DMA1_Stream5_IRQHandler
                0x00000000080033f8                PVD_IRQHandler
                0x00000000080033f8                SDIO_IRQHandler
                0x00000000080033f8                TAMP_STAMP_IRQHandler
                0x00000000080033f8                CAN2_RX1_IRQHandler
                0x00000000080033f8                EXTI3_IRQHandler
                0x00000000080033f8                TIM8_TRG_COM_TIM14_IRQHandler
                0x00000000080033f8                TIM1_UP_TIM10_IRQHandler
                0x00000000080033f8                TIM8_UP_TIM13_IRQHandler
                0x00000000080033f8                I2C3_ER_IRQHandler
                0x00000000080033f8                EXTI0_IRQHandler
                0x00000000080033f8                I2C2_EV_IRQHandler
                0x00000000080033f8                DMA1_Stream2_IRQHandler
                0x00000000080033f8                CAN1_RX0_IRQHandler
                0x00000000080033f8                FPU_IRQHandler
                0x00000000080033f8                OTG_HS_WKUP_IRQHandler
                0x00000000080033f8                LTDC_ER_IRQHandler
                0x00000000080033f8                CAN2_SCE_IRQHandler
                0x00000000080033f8                DMA2_Stream2_IRQHandler
                0x00000000080033f8                SPI1_IRQHandler
                0x00000000080033f8                TIM1_BRK_TIM9_IRQHandler
                0x00000000080033f8                DCMI_IRQHandler
                0x00000000080033f8                CAN2_RX0_IRQHandler
                0x00000000080033f8                DMA2_Stream3_IRQHandler
                0x00000000080033f8                USART6_IRQHandler
                0x00000000080033f8                CAN1_RX1_IRQHandler
                0x00000000080033f8                UART5_IRQHandler
                0x00000000080033f8                DMA2_Stream0_IRQHandler
                0x00000000080033f8                TIM4_IRQHandler
                0x00000000080033f8                I2C1_EV_IRQHandler
                0x00000000080033f8                DMA1_Stream6_IRQHandler
                0x00000000080033f8                DMA1_Stream1_IRQHandler
                0x00000000080033f8                UART4_IRQHandler
                0x00000000080033f8                RCC_IRQHandler
                0x00000000080033f8                TIM8_BRK_TIM12_IRQHandler
                0x00000000080033f8                Default_Handler
                0x00000000080033f8                ADC_IRQHandler
                0x00000000080033f8                DMA1_Stream7_IRQHandler
                0x00000000080033f8                SPI5_IRQHandler
                0x00000000080033f8                TIM7_IRQHandler
                0x00000000080033f8                CAN2_TX_IRQHandler
                0x00000000080033f8                TIM5_IRQHandler
                0x00000000080033f8                DMA2_Stream7_IRQHandler
                0x00000000080033f8                I2C3_EV_IRQHandler
                0x00000000080033f8                EXTI9_5_IRQHandler
                0x00000000080033f8                RTC_WKUP_IRQHandler
                0x00000000080033f8                LTDC_IRQHandler
                0x00000000080033f8                ETH_WKUP_IRQHandler
                0x00000000080033f8                SPI2_IRQHandler
                0x00000000080033f8                OTG_HS_EP1_IN_IRQHandler
                0x00000000080033f8                DMA1_Stream0_IRQHandler
                0x00000000080033f8                CAN1_TX_IRQHandler
                0x00000000080033f8                EXTI4_IRQHandler
                0x00000000080033f8                ETH_IRQHandler
                0x00000000080033f8                OTG_HS_EP1_OUT_IRQHandler
                0x00000000080033f8                WWDG_IRQHandler
                0x00000000080033f8                SPI6_IRQHandler
                0x00000000080033f8                TIM2_IRQHandler
                0x00000000080033f8                OTG_FS_WKUP_IRQHandler
                0x00000000080033f8                TIM1_TRG_COM_TIM11_IRQHandler
                0x00000000080033f8                OTG_HS_IRQHandler
                0x00000000080033f8                DMA2D_IRQHandler
                0x00000000080033f8                EXTI1_IRQHandler
                0x00000000080033f8                UART7_IRQHandler
                0x00000000080033f8                I2C2_ER_IRQHandler
                0x00000000080033f8                DMA2_Stream1_IRQHandler
                0x00000000080033f8                CAN1_SCE_IRQHandler
                0x00000000080033f8                FLASH_IRQHandler
                0x00000000080033f8                DMA2_Stream4_IRQHandler
                0x00000000080033f8                USART1_IRQHandler
                0x00000000080033f8                OTG_FS_IRQHandler
                0x00000000080033f8                SPI3_IRQHandler
                0x00000000080033f8                DMA1_Stream4_IRQHandler
                0x00000000080033f8                I2C1_ER_IRQHandler
                0x00000000080033f8                FMC_IRQHandler
                0x00000000080033f8                DMA2_Stream6_IRQHandler
                0x00000000080033f8                SAI1_IRQHandler
                0x00000000080033f8                DMA1_Stream3_IRQHandler
 *fill*         0x00000000080033fa        0x2 
 .text.HAL_Init
                0x00000000080033fc       0x44 ./Drivers/STM32F4xx_HAL_Driver/Src/stm32f4xx_hal.o
                0x00000000080033fc                HAL_Init
 .text.HAL_InitTick
                0x0000000008003440       0x60 ./Drivers/STM32F4xx_HAL_Driver/Src/stm32f4xx_hal.o
                0x0000000008003440                HAL_InitTick
 .text.HAL_IncTick
                0x00000000080034a0       0x28 ./Drivers/STM32F4xx_HAL_Driver/Src/stm32f4xx_hal.o
                0x00000000080034a0                HAL_IncTick
 .text.HAL_GetTick
                0x00000000080034c8       0x18 ./Drivers/STM32F4xx_HAL_Driver/Src/stm32f4xx_hal.o
                0x00000000080034c8                HAL_GetTick
 .text.HAL_Delay
                0x00000000080034e0       0x48 ./Drivers/STM32F4xx_HAL_Driver/Src/stm32f4xx_hal.o
                0x00000000080034e0                HAL_Delay
 .text.__NVIC_SetPriorityGrouping
                0x0000000008003528       0x48 ./Drivers/STM32F4xx_HAL_Driver/Src/stm32f4xx_hal_cortex.o
 .text.__NVIC_GetPriorityGrouping
                0x0000000008003570       0x1c ./Drivers/STM32F4xx_HAL_Driver/Src/stm32f4xx_hal_cortex.o
 .text.__NVIC_EnableIRQ
                0x000000000800358c       0x3c ./Drivers/STM32F4xx_HAL_Driver/Src/stm32f4xx_hal_cortex.o
 .text.__NVIC_SetPriority
                0x00000000080035c8       0x54 ./Drivers/STM32F4xx_HAL_Driver/Src/stm32f4xx_hal_cortex.o
 .text.NVIC_EncodePriority
                0x000000000800361c       0x66 ./Drivers/STM32F4xx_HAL_Driver/Src/stm32f4xx_hal_cortex.o
 *fill*         0x0000000008003682        0x2 
 .text.SysTick_Config
                0x0000000008003684       0x44 ./Drivers/STM32F4xx_HAL_Driver/Src/stm32f4xx_hal_cortex.o
 .text.HAL_NVIC_SetPriorityGrouping
                0x00000000080036c8       0x16 ./Drivers/STM32F4xx_HAL_Driver/Src/stm32f4xx_hal_cortex.o
                0x00000000080036c8                HAL_NVIC_SetPriorityGrouping
 .text.HAL_NVIC_SetPriority
                0x00000000080036de       0x38 ./Drivers/STM32F4xx_HAL_Driver/Src/stm32f4xx_hal_cortex.o
                0x00000000080036de                HAL_NVIC_SetPriority
 .text.HAL_NVIC_EnableIRQ
                0x0000000008003716       0x1c ./Drivers/STM32F4xx_HAL_Driver/Src/stm32f4xx_hal_cortex.o
                0x0000000008003716                HAL_NVIC_EnableIRQ
 .text.HAL_SYSTICK_Config
                0x0000000008003732       0x18 ./Drivers/STM32F4xx_HAL_Driver/Src/stm32f4xx_hal_cortex.o
                0x0000000008003732                HAL_SYSTICK_Config
 *fill*         0x000000000800374a        0x2 
 .text.HAL_GPIO_Init
                0x000000000800374c      0x358 ./Drivers/STM32F4xx_HAL_Driver/Src/stm32f4xx_hal_gpio.o
                0x000000000800374c                HAL_GPIO_Init
 .text.HAL_GPIO_WritePin
                0x0000000008003aa4       0x32 ./Drivers/STM32F4xx_HAL_Driver/Src/stm32f4xx_hal_gpio.o
                0x0000000008003aa4                HAL_GPIO_WritePin
 .text.HAL_GPIO_TogglePin
                0x0000000008003ad6       0x34 ./Drivers/STM32F4xx_HAL_Driver/Src/stm32f4xx_hal_gpio.o
                0x0000000008003ad6                HAL_GPIO_TogglePin
 *fill*         0x0000000008003b0a        0x2 
 .text.HAL_GPIO_EXTI_IRQHandler
                0x0000000008003b0c       0x30 ./Drivers/STM32F4xx_HAL_Driver/Src/stm32f4xx_hal_gpio.o
                0x0000000008003b0c                HAL_GPIO_EXTI_IRQHandler
 .text.HAL_RCC_OscConfig
                0x0000000008003b3c      0x4f0 ./Drivers/STM32F4xx_HAL_Driver/Src/stm32f4xx_hal_rcc.o
                0x0000000008003b3c                HAL_RCC_OscConfig
 .text.HAL_RCC_ClockConfig
                0x000000000800402c      0x1cc ./Drivers/STM32F4xx_HAL_Driver/Src/stm32f4xx_hal_rcc.o
                0x000000000800402c                HAL_RCC_ClockConfig
 .text.HAL_RCC_GetSysClockFreq
                0x00000000080041f8      0x1c4 ./Drivers/STM32F4xx_HAL_Driver/Src/stm32f4xx_hal_rcc.o
                0x00000000080041f8                HAL_RCC_GetSysClockFreq
 .text.HAL_RCC_GetHCLKFreq
                0x00000000080043bc       0x18 ./Drivers/STM32F4xx_HAL_Driver/Src/stm32f4xx_hal_rcc.o
                0x00000000080043bc                HAL_RCC_GetHCLKFreq
 .text.HAL_RCC_GetPCLK1Freq
                0x00000000080043d4       0x28 ./Drivers/STM32F4xx_HAL_Driver/Src/stm32f4xx_hal_rcc.o
                0x00000000080043d4                HAL_RCC_GetPCLK1Freq
 .text.HAL_RCC_GetPCLK2Freq
                0x00000000080043fc       0x28 ./Drivers/STM32F4xx_HAL_Driver/Src/stm32f4xx_hal_rcc.o
                0x00000000080043fc                HAL_RCC_GetPCLK2Freq
 .text.HAL_TIM_Base_Init
                0x0000000008004424       0x9e ./Drivers/STM32F4xx_HAL_Driver/Src/stm32f4xx_hal_tim.o
                0x0000000008004424                HAL_TIM_Base_Init
 *fill*         0x00000000080044c2        0x2 
 .text.HAL_TIM_Base_Start_IT
                0x00000000080044c4       0xe0 ./Drivers/STM32F4xx_HAL_Driver/Src/stm32f4xx_hal_tim.o
                0x00000000080044c4                HAL_TIM_Base_Start_IT
 .text.HAL_TIM_Base_Stop_IT
                0x00000000080045a4       0x5e ./Drivers/STM32F4xx_HAL_Driver/Src/stm32f4xx_hal_tim.o
                0x00000000080045a4                HAL_TIM_Base_Stop_IT
 .text.HAL_TIM_PWM_Init
                0x0000000008004602       0x9e ./Drivers/STM32F4xx_HAL_Driver/Src/stm32f4xx_hal_tim.o
                0x0000000008004602                HAL_TIM_PWM_Init
 .text.HAL_TIM_PWM_MspInit
                0x00000000080046a0       0x14 ./Drivers/STM32F4xx_HAL_Driver/Src/stm32f4xx_hal_tim.o
                0x00000000080046a0                HAL_TIM_PWM_MspInit
 .text.HAL_TIM_PWM_Start
                0x00000000080046b4      0x190 ./Drivers/STM32F4xx_HAL_Driver/Src/stm32f4xx_hal_tim.o
                0x00000000080046b4                HAL_TIM_PWM_Start
 .text.HAL_TIM_PWM_Stop
                0x0000000008004844       0xe0 ./Drivers/STM32F4xx_HAL_Driver/Src/stm32f4xx_hal_tim.o
                0x0000000008004844                HAL_TIM_PWM_Stop
 .text.HAL_TIM_PWM_Start_IT
                0x0000000008004924      0x22c ./Drivers/STM32F4xx_HAL_Driver/Src/stm32f4xx_hal_tim.o
                0x0000000008004924                HAL_TIM_PWM_Start_IT
 .text.HAL_TIM_PWM_Stop_IT
                0x0000000008004b50      0x17c ./Drivers/STM32F4xx_HAL_Driver/Src/stm32f4xx_hal_tim.o
                0x0000000008004b50                HAL_TIM_PWM_Stop_IT
 .text.HAL_TIM_IRQHandler
                0x0000000008004ccc      0x210 ./Drivers/STM32F4xx_HAL_Driver/Src/stm32f4xx_hal_tim.o
                0x0000000008004ccc                HAL_TIM_IRQHandler
 .text.HAL_TIM_PWM_ConfigChannel
                0x0000000008004edc      0x184 ./Drivers/STM32F4xx_HAL_Driver/Src/stm32f4xx_hal_tim.o
                0x0000000008004edc                HAL_TIM_PWM_ConfigChannel
 .text.HAL_TIM_ConfigClockSource
                0x0000000008005060      0x18e ./Drivers/STM32F4xx_HAL_Driver/Src/stm32f4xx_hal_tim.o
                0x0000000008005060                HAL_TIM_ConfigClockSource
 .text.HAL_TIM_OC_DelayElapsedCallback
                0x00000000080051ee       0x14 ./Drivers/STM32F4xx_HAL_Driver/Src/stm32f4xx_hal_tim.o
                0x00000000080051ee                HAL_TIM_OC_DelayElapsedCallback
 .text.HAL_TIM_IC_CaptureCallback
                0x0000000008005202       0x14 ./Drivers/STM32F4xx_HAL_Driver/Src/stm32f4xx_hal_tim.o
                0x0000000008005202                HAL_TIM_IC_CaptureCallback
 .text.HAL_TIM_TriggerCallback
                0x0000000008005216       0x14 ./Drivers/STM32F4xx_HAL_Driver/Src/stm32f4xx_hal_tim.o
                0x0000000008005216                HAL_TIM_TriggerCallback
 *fill*         0x000000000800522a        0x2 
 .text.TIM_Base_SetConfig
                0x000000000800522c      0x140 ./Drivers/STM32F4xx_HAL_Driver/Src/stm32f4xx_hal_tim.o
                0x000000000800522c                TIM_Base_SetConfig
 .text.TIM_OC1_SetConfig
                0x000000000800536c       0xe0 ./Drivers/STM32F4xx_HAL_Driver/Src/stm32f4xx_hal_tim.o
 .text.TIM_OC2_SetConfig
                0x000000000800544c       0xec ./Drivers/STM32F4xx_HAL_Driver/Src/stm32f4xx_hal_tim.o
                0x000000000800544c                TIM_OC2_SetConfig
 .text.TIM_OC3_SetConfig
                0x0000000008005538       0xe8 ./Drivers/STM32F4xx_HAL_Driver/Src/stm32f4xx_hal_tim.o
 .text.TIM_OC4_SetConfig
                0x0000000008005620       0xac ./Drivers/STM32F4xx_HAL_Driver/Src/stm32f4xx_hal_tim.o
 .text.TIM_TI1_ConfigInputStage
                0x00000000080056cc       0x5e ./Drivers/STM32F4xx_HAL_Driver/Src/stm32f4xx_hal_tim.o
 .text.TIM_TI2_ConfigInputStage
                0x000000000800572a       0x60 ./Drivers/STM32F4xx_HAL_Driver/Src/stm32f4xx_hal_tim.o
 .text.TIM_ITRx_SetConfig
                0x000000000800578a       0x36 ./Drivers/STM32F4xx_HAL_Driver/Src/stm32f4xx_hal_tim.o
 .text.TIM_ETR_SetConfig
                0x00000000080057c0       0x40 ./Drivers/STM32F4xx_HAL_Driver/Src/stm32f4xx_hal_tim.o
                0x00000000080057c0                TIM_ETR_SetConfig
 .text.TIM_CCxChannelCmd
                0x0000000008005800       0x4a ./Drivers/STM32F4xx_HAL_Driver/Src/stm32f4xx_hal_tim.o
                0x0000000008005800                TIM_CCxChannelCmd
 *fill*         0x000000000800584a        0x2 
 .text.HAL_TIMEx_MasterConfigSynchronization
                0x000000000800584c       0xf8 ./Drivers/STM32F4xx_HAL_Driver/Src/stm32f4xx_hal_tim_ex.o
                0x000000000800584c                HAL_TIMEx_MasterConfigSynchronization
 .text.HAL_TIMEx_CommutCallback
                0x0000000008005944       0x14 ./Drivers/STM32F4xx_HAL_Driver/Src/stm32f4xx_hal_tim_ex.o
                0x0000000008005944                HAL_TIMEx_CommutCallback
 .text.HAL_TIMEx_BreakCallback
                0x0000000008005958       0x14 ./Drivers/STM32F4xx_HAL_Driver/Src/stm32f4xx_hal_tim_ex.o
                0x0000000008005958                HAL_TIMEx_BreakCallback
 .text.HAL_UART_Init
                0x000000000800596c       0x9a ./Drivers/STM32F4xx_HAL_Driver/Src/stm32f4xx_hal_uart.o
                0x000000000800596c                HAL_UART_Init
 *fill*         0x0000000008005a06        0x2 
 .text.UART_SetConfig
                0x0000000008005a08      0x390 ./Drivers/STM32F4xx_HAL_Driver/Src/stm32f4xx_hal_uart.o
 .text.__errno  0x0000000008005d98        0xc c:/st/stm32cubeide_1.8.0/stm32cubeide/plugins/com.st.stm32cube.ide.mcu.externaltools.gnu-tools-for-stm32.9-2020-q2-update.win32_2.0.0.202105311346/tools/bin/../lib/gcc/arm-none-eabi/9.3.1/../../../../arm-none-eabi/lib/thumb/v7e-m+fp/hard\libc_nano.a(lib_a-errno.o)
                0x0000000008005d98                __errno
 .text.__libc_init_array
                0x0000000008005da4       0x48 c:/st/stm32cubeide_1.8.0/stm32cubeide/plugins/com.st.stm32cube.ide.mcu.externaltools.gnu-tools-for-stm32.9-2020-q2-update.win32_2.0.0.202105311346/tools/bin/../lib/gcc/arm-none-eabi/9.3.1/../../../../arm-none-eabi/lib/thumb/v7e-m+fp/hard\libc_nano.a(lib_a-init.o)
                0x0000000008005da4                __libc_init_array
 .text.memset   0x0000000008005dec       0x10 c:/st/stm32cubeide_1.8.0/stm32cubeide/plugins/com.st.stm32cube.ide.mcu.externaltools.gnu-tools-for-stm32.9-2020-q2-update.win32_2.0.0.202105311346/tools/bin/../lib/gcc/arm-none-eabi/9.3.1/../../../../arm-none-eabi/lib/thumb/v7e-m+fp/hard\libc_nano.a(lib_a-memset.o)
                0x0000000008005dec                memset
 .text.sprintf  0x0000000008005dfc       0x40 c:/st/stm32cubeide_1.8.0/stm32cubeide/plugins/com.st.stm32cube.ide.mcu.externaltools.gnu-tools-for-stm32.9-2020-q2-update.win32_2.0.0.202105311346/tools/bin/../lib/gcc/arm-none-eabi/9.3.1/../../../../arm-none-eabi/lib/thumb/v7e-m+fp/hard\libc_nano.a(lib_a-sprintf.o)
                0x0000000008005dfc                siprintf
                0x0000000008005dfc                sprintf
 .text.__ssputs_r
                0x0000000008005e3c       0xb6 c:/st/stm32cubeide_1.8.0/stm32cubeide/plugins/com.st.stm32cube.ide.mcu.externaltools.gnu-tools-for-stm32.9-2020-q2-update.win32_2.0.0.202105311346/tools/bin/../lib/gcc/arm-none-eabi/9.3.1/../../../../arm-none-eabi/lib/thumb/v7e-m+fp/hard\libc_nano.a(lib_a-nano-svfprintf.o)
                0x0000000008005e3c                __ssputs_r
 *fill*         0x0000000008005ef2        0x2 
 .text._svfprintf_r
                0x0000000008005ef4      0x200 c:/st/stm32cubeide_1.8.0/stm32cubeide/plugins/com.st.stm32cube.ide.mcu.externaltools.gnu-tools-for-stm32.9-2020-q2-update.win32_2.0.0.202105311346/tools/bin/../lib/gcc/arm-none-eabi/9.3.1/../../../../arm-none-eabi/lib/thumb/v7e-m+fp/hard\libc_nano.a(lib_a-nano-svfprintf.o)
                0x0000000008005ef4                _svfiprintf_r
                0x0000000008005ef4                _svfprintf_r
 .text._printf_common
                0x00000000080060f4       0xda c:/st/stm32cubeide_1.8.0/stm32cubeide/plugins/com.st.stm32cube.ide.mcu.externaltools.gnu-tools-for-stm32.9-2020-q2-update.win32_2.0.0.202105311346/tools/bin/../lib/gcc/arm-none-eabi/9.3.1/../../../../arm-none-eabi/lib/thumb/v7e-m+fp/hard\libc_nano.a(lib_a-nano-vfprintf_i.o)
                0x00000000080060f4                _printf_common
 *fill*         0x00000000080061ce        0x2 
 .text._printf_i
                0x00000000080061d0      0x24c c:/st/stm32cubeide_1.8.0/stm32cubeide/plugins/com.st.stm32cube.ide.mcu.externaltools.gnu-tools-for-stm32.9-2020-q2-update.win32_2.0.0.202105311346/tools/bin/../lib/gcc/arm-none-eabi/9.3.1/../../../../arm-none-eabi/lib/thumb/v7e-m+fp/hard\libc_nano.a(lib_a-nano-vfprintf_i.o)
                0x00000000080061d0                _printf_i
 .text.memcpy   0x000000000800641c       0x1c c:/st/stm32cubeide_1.8.0/stm32cubeide/plugins/com.st.stm32cube.ide.mcu.externaltools.gnu-tools-for-stm32.9-2020-q2-update.win32_2.0.0.202105311346/tools/bin/../lib/gcc/arm-none-eabi/9.3.1/../../../../arm-none-eabi/lib/thumb/v7e-m+fp/hard\libc_nano.a(lib_a-memcpy-stub.o)
                0x000000000800641c                memcpy
 .text.memmove  0x0000000008006438       0x34 c:/st/stm32cubeide_1.8.0/stm32cubeide/plugins/com.st.stm32cube.ide.mcu.externaltools.gnu-tools-for-stm32.9-2020-q2-update.win32_2.0.0.202105311346/tools/bin/../lib/gcc/arm-none-eabi/9.3.1/../../../../arm-none-eabi/lib/thumb/v7e-m+fp/hard\libc_nano.a(lib_a-memmove.o)
                0x0000000008006438                memmove
 .text._free_r  0x000000000800646c       0xa0 c:/st/stm32cubeide_1.8.0/stm32cubeide/plugins/com.st.stm32cube.ide.mcu.externaltools.gnu-tools-for-stm32.9-2020-q2-update.win32_2.0.0.202105311346/tools/bin/../lib/gcc/arm-none-eabi/9.3.1/../../../../arm-none-eabi/lib/thumb/v7e-m+fp/hard\libc_nano.a(lib_a-nano-freer.o)
                0x000000000800646c                _free_r
 .text._malloc_r
                0x000000000800650c       0xb4 c:/st/stm32cubeide_1.8.0/stm32cubeide/plugins/com.st.stm32cube.ide.mcu.externaltools.gnu-tools-for-stm32.9-2020-q2-update.win32_2.0.0.202105311346/tools/bin/../lib/gcc/arm-none-eabi/9.3.1/../../../../arm-none-eabi/lib/thumb/v7e-m+fp/hard\libc_nano.a(lib_a-nano-mallocr.o)
                0x000000000800650c                _malloc_r
 .text._realloc_r
                0x00000000080065c0       0x4c c:/st/stm32cubeide_1.8.0/stm32cubeide/plugins/com.st.stm32cube.ide.mcu.externaltools.gnu-tools-for-stm32.9-2020-q2-update.win32_2.0.0.202105311346/tools/bin/../lib/gcc/arm-none-eabi/9.3.1/../../../../arm-none-eabi/lib/thumb/v7e-m+fp/hard\libc_nano.a(lib_a-nano-reallocr.o)
                0x00000000080065c0                _realloc_r
 .text._sbrk_r  0x000000000800660c       0x20 c:/st/stm32cubeide_1.8.0/stm32cubeide/plugins/com.st.stm32cube.ide.mcu.externaltools.gnu-tools-for-stm32.9-2020-q2-update.win32_2.0.0.202105311346/tools/bin/../lib/gcc/arm-none-eabi/9.3.1/../../../../arm-none-eabi/lib/thumb/v7e-m+fp/hard\libc_nano.a(lib_a-sbrkr.o)
                0x000000000800660c                _sbrk_r
 .text.__malloc_lock
                0x000000000800662c        0xc c:/st/stm32cubeide_1.8.0/stm32cubeide/plugins/com.st.stm32cube.ide.mcu.externaltools.gnu-tools-for-stm32.9-2020-q2-update.win32_2.0.0.202105311346/tools/bin/../lib/gcc/arm-none-eabi/9.3.1/../../../../arm-none-eabi/lib/thumb/v7e-m+fp/hard\libc_nano.a(lib_a-mlock.o)
                0x000000000800662c                __malloc_lock
 .text.__malloc_unlock
                0x0000000008006638        0xc c:/st/stm32cubeide_1.8.0/stm32cubeide/plugins/com.st.stm32cube.ide.mcu.externaltools.gnu-tools-for-stm32.9-2020-q2-update.win32_2.0.0.202105311346/tools/bin/../lib/gcc/arm-none-eabi/9.3.1/../../../../arm-none-eabi/lib/thumb/v7e-m+fp/hard\libc_nano.a(lib_a-mlock.o)
                0x0000000008006638                __malloc_unlock
 .text._malloc_usable_size_r
                0x0000000008006644       0x10 c:/st/stm32cubeide_1.8.0/stm32cubeide/plugins/com.st.stm32cube.ide.mcu.externaltools.gnu-tools-for-stm32.9-2020-q2-update.win32_2.0.0.202105311346/tools/bin/../lib/gcc/arm-none-eabi/9.3.1/../../../../arm-none-eabi/lib/thumb/v7e-m+fp/hard\libc_nano.a(lib_a-nano-msizer.o)
                0x0000000008006644                _malloc_usable_size_r
 .text.__retarget_lock_acquire_recursive
                0x0000000008006654        0x2 c:/st/stm32cubeide_1.8.0/stm32cubeide/plugins/com.st.stm32cube.ide.mcu.externaltools.gnu-tools-for-stm32.9-2020-q2-update.win32_2.0.0.202105311346/tools/bin/../lib/gcc/arm-none-eabi/9.3.1/../../../../arm-none-eabi/lib/thumb/v7e-m+fp/hard\libc_nano.a(lib_a-lock.o)
                0x0000000008006654                __retarget_lock_acquire_recursive
 .text.__retarget_lock_release_recursive
                0x0000000008006656        0x2 c:/st/stm32cubeide_1.8.0/stm32cubeide/plugins/com.st.stm32cube.ide.mcu.externaltools.gnu-tools-for-stm32.9-2020-q2-update.win32_2.0.0.202105311346/tools/bin/../lib/gcc/arm-none-eabi/9.3.1/../../../../arm-none-eabi/lib/thumb/v7e-m+fp/hard\libc_nano.a(lib_a-lock.o)
                0x0000000008006656                __retarget_lock_release_recursive
 *(.glue_7)
 .glue_7        0x0000000008006658        0x0 linker stubs
 *(.glue_7t)
 .glue_7t       0x0000000008006658        0x0 linker stubs
 *(.eh_frame)
 .eh_frame      0x0000000008006658        0x0 c:/st/stm32cubeide_1.8.0/stm32cubeide/plugins/com.st.stm32cube.ide.mcu.externaltools.gnu-tools-for-stm32.9-2020-q2-update.win32_2.0.0.202105311346/tools/bin/../lib/gcc/arm-none-eabi/9.3.1/thumb/v7e-m+fp/hard/crtbegin.o
 *(.init)
 .init          0x0000000008006658        0x4 c:/st/stm32cubeide_1.8.0/stm32cubeide/plugins/com.st.stm32cube.ide.mcu.externaltools.gnu-tools-for-stm32.9-2020-q2-update.win32_2.0.0.202105311346/tools/bin/../lib/gcc/arm-none-eabi/9.3.1/thumb/v7e-m+fp/hard/crti.o
                0x0000000008006658                _init
 .init          0x000000000800665c        0x8 c:/st/stm32cubeide_1.8.0/stm32cubeide/plugins/com.st.stm32cube.ide.mcu.externaltools.gnu-tools-for-stm32.9-2020-q2-update.win32_2.0.0.202105311346/tools/bin/../lib/gcc/arm-none-eabi/9.3.1/thumb/v7e-m+fp/hard/crtn.o
 *(.fini)
 .fini          0x0000000008006664        0x4 c:/st/stm32cubeide_1.8.0/stm32cubeide/plugins/com.st.stm32cube.ide.mcu.externaltools.gnu-tools-for-stm32.9-2020-q2-update.win32_2.0.0.202105311346/tools/bin/../lib/gcc/arm-none-eabi/9.3.1/thumb/v7e-m+fp/hard/crti.o
                0x0000000008006664                _fini
 .fini          0x0000000008006668        0x8 c:/st/stm32cubeide_1.8.0/stm32cubeide/plugins/com.st.stm32cube.ide.mcu.externaltools.gnu-tools-for-stm32.9-2020-q2-update.win32_2.0.0.202105311346/tools/bin/../lib/gcc/arm-none-eabi/9.3.1/thumb/v7e-m+fp/hard/crtn.o
                0x0000000008006670                . = ALIGN (0x4)
                0x0000000008006670                _etext = .

.vfp11_veneer   0x0000000008006670        0x0
 .vfp11_veneer  0x0000000008006670        0x0 linker stubs

.v4_bx          0x0000000008006670        0x0
 .v4_bx         0x0000000008006670        0x0 linker stubs

.iplt           0x0000000008006670        0x0
 .iplt          0x0000000008006670        0x0 c:/st/stm32cubeide_1.8.0/stm32cubeide/plugins/com.st.stm32cube.ide.mcu.externaltools.gnu-tools-for-stm32.9-2020-q2-update.win32_2.0.0.202105311346/tools/bin/../lib/gcc/arm-none-eabi/9.3.1/thumb/v7e-m+fp/hard/crtbegin.o

.rodata         0x0000000008006670      0x954
                0x0000000008006670                . = ALIGN (0x4)
 *(.rodata)
 .rodata        0x0000000008006670      0x851 ./Core/Src/ESP8266_HAL.o
 *fill*         0x0000000008006ec1        0x3 
 .rodata        0x0000000008006ec4       0xb4 ./Core/Src/main.o
 *(.rodata*)
 .rodata.AHBPrescTable
                0x0000000008006f78       0x10 ./Core/Src/system_stm32f4xx.o
                0x0000000008006f78                AHBPrescTable
 .rodata.APBPrescTable
                0x0000000008006f88        0x8 ./Core/Src/system_stm32f4xx.o
                0x0000000008006f88                APBPrescTable
 .rodata._svfprintf_r.str1.1
                0x0000000008006f90       0x11 c:/st/stm32cubeide_1.8.0/stm32cubeide/plugins/com.st.stm32cube.ide.mcu.externaltools.gnu-tools-for-stm32.9-2020-q2-update.win32_2.0.0.202105311346/tools/bin/../lib/gcc/arm-none-eabi/9.3.1/../../../../arm-none-eabi/lib/thumb/v7e-m+fp/hard\libc_nano.a(lib_a-nano-svfprintf.o)
 .rodata._printf_i.str1.1
                0x0000000008006fa1       0x22 c:/st/stm32cubeide_1.8.0/stm32cubeide/plugins/com.st.stm32cube.ide.mcu.externaltools.gnu-tools-for-stm32.9-2020-q2-update.win32_2.0.0.202105311346/tools/bin/../lib/gcc/arm-none-eabi/9.3.1/../../../../arm-none-eabi/lib/thumb/v7e-m+fp/hard\libc_nano.a(lib_a-nano-vfprintf_i.o)
                0x0000000008006fc4                . = ALIGN (0x4)
 *fill*         0x0000000008006fc3        0x1 

.ARM.extab      0x0000000008006fc4        0x0
                0x0000000008006fc4                . = ALIGN (0x4)
 *(.ARM.extab* .gnu.linkonce.armextab.*)
                0x0000000008006fc4                . = ALIGN (0x4)

.ARM            0x0000000008006fc4        0x8
                0x0000000008006fc4                . = ALIGN (0x4)
                0x0000000008006fc4                __exidx_start = .
 *(.ARM.exidx*)
 .ARM.exidx     0x0000000008006fc4        0x8 c:/st/stm32cubeide_1.8.0/stm32cubeide/plugins/com.st.stm32cube.ide.mcu.externaltools.gnu-tools-for-stm32.9-2020-q2-update.win32_2.0.0.202105311346/tools/bin/../lib/gcc/arm-none-eabi/9.3.1/thumb/v7e-m+fp/hard\libgcc.a(_udivmoddi4.o)
                0x0000000008006fcc                __exidx_end = .
                0x0000000008006fcc                . = ALIGN (0x4)

.rel.dyn        0x0000000008006fcc        0x0
 .rel.iplt      0x0000000008006fcc        0x0 c:/st/stm32cubeide_1.8.0/stm32cubeide/plugins/com.st.stm32cube.ide.mcu.externaltools.gnu-tools-for-stm32.9-2020-q2-update.win32_2.0.0.202105311346/tools/bin/../lib/gcc/arm-none-eabi/9.3.1/thumb/v7e-m+fp/hard/crtbegin.o

.preinit_array  0x0000000008006fcc        0x0
                0x0000000008006fcc                . = ALIGN (0x4)
                0x0000000008006fcc                PROVIDE (__preinit_array_start = .)
 *(.preinit_array*)
                0x0000000008006fcc                PROVIDE (__preinit_array_end = .)
                0x0000000008006fcc                . = ALIGN (0x4)

.init_array     0x0000000008006fcc        0x4
                0x0000000008006fcc                . = ALIGN (0x4)
                0x0000000008006fcc                PROVIDE (__init_array_start = .)
 *(SORT_BY_NAME(.init_array.*))
 *(.init_array*)
 .init_array    0x0000000008006fcc        0x4 c:/st/stm32cubeide_1.8.0/stm32cubeide/plugins/com.st.stm32cube.ide.mcu.externaltools.gnu-tools-for-stm32.9-2020-q2-update.win32_2.0.0.202105311346/tools/bin/../lib/gcc/arm-none-eabi/9.3.1/thumb/v7e-m+fp/hard/crtbegin.o
                0x0000000008006fd0                PROVIDE (__init_array_end = .)
                0x0000000008006fd0                . = ALIGN (0x4)

.fini_array     0x0000000008006fd0        0x4
                0x0000000008006fd0                . = ALIGN (0x4)
                [!provide]                        PROVIDE (__fini_array_start = .)
 *(SORT_BY_NAME(.fini_array.*))
 *(.fini_array*)
 .fini_array    0x0000000008006fd0        0x4 c:/st/stm32cubeide_1.8.0/stm32cubeide/plugins/com.st.stm32cube.ide.mcu.externaltools.gnu-tools-for-stm32.9-2020-q2-update.win32_2.0.0.202105311346/tools/bin/../lib/gcc/arm-none-eabi/9.3.1/thumb/v7e-m+fp/hard/crtbegin.o
                [!provide]                        PROVIDE (__fini_array_end = .)
                0x0000000008006fd4                . = ALIGN (0x4)
                0x0000000008006fd4                _sidata = LOADADDR (.data)

.data           0x0000000020000000       0xa8 load address 0x0000000008006fd4
                0x0000000020000000                . = ALIGN (0x4)
                0x0000000020000000                _sdata = .
 *(.data)
 *(.data*)
 .data.Basic_inclusion
                0x0000000020000000        0x4 ./Core/Src/ESP8266_HAL.o
                0x0000000020000000                Basic_inclusion
 .data.lockeroncall
                0x0000000020000004        0x4 ./Core/Src/ESP8266_HAL.o
                0x0000000020000004                lockeroncall
 .data.lockeron
                0x0000000020000008        0x4 ./Core/Src/ESP8266_HAL.o
                0x0000000020000008                lockeron
 .data.lockeroffcall
                0x000000002000000c        0x4 ./Core/Src/ESP8266_HAL.o
                0x000000002000000c                lockeroffcall
 .data.lockeroff
                0x0000000020000010        0x4 ./Core/Src/ESP8266_HAL.o
                0x0000000020000010                lockeroff
 .data.Car_Time
                0x0000000020000014        0x4 ./Core/Src/main.o
                0x0000000020000014                Car_Time
 .data.Locker_Distance
                0x0000000020000018       0x20 ./Core/Src/main.o
                0x0000000020000018                Locker_Distance
 .data.SystemCoreClock
                0x0000000020000038        0x4 ./Core/Src/system_stm32f4xx.o
                0x0000000020000038                SystemCoreClock
 .data.uwTickPrio
                0x000000002000003c        0x4 ./Drivers/STM32F4xx_HAL_Driver/Src/stm32f4xx_hal.o
                0x000000002000003c                uwTickPrio
 .data.uwTickFreq
                0x0000000020000040        0x1 ./Drivers/STM32F4xx_HAL_Driver/Src/stm32f4xx_hal.o
                0x0000000020000040                uwTickFreq
 *fill*         0x0000000020000041        0x3 
 .data._impure_ptr
                0x0000000020000044        0x4 c:/st/stm32cubeide_1.8.0/stm32cubeide/plugins/com.st.stm32cube.ide.mcu.externaltools.gnu-tools-for-stm32.9-2020-q2-update.win32_2.0.0.202105311346/tools/bin/../lib/gcc/arm-none-eabi/9.3.1/../../../../arm-none-eabi/lib/thumb/v7e-m+fp/hard\libc_nano.a(lib_a-impure.o)
                0x0000000020000044                _impure_ptr
 .data.impure_data
                0x0000000020000048       0x60 c:/st/stm32cubeide_1.8.0/stm32cubeide/plugins/com.st.stm32cube.ide.mcu.externaltools.gnu-tools-for-stm32.9-2020-q2-update.win32_2.0.0.202105311346/tools/bin/../lib/gcc/arm-none-eabi/9.3.1/../../../../arm-none-eabi/lib/thumb/v7e-m+fp/hard\libc_nano.a(lib_a-impure.o)
 *(.RamFunc)
 *(.RamFunc*)
                0x00000000200000a8                . = ALIGN (0x4)
                0x00000000200000a8                _edata = .
                0x000000000800707c                _siccmram = LOADADDR (.ccmram)

.igot.plt       0x00000000200000a8        0x0 load address 0x000000000800707c
 .igot.plt      0x00000000200000a8        0x0 c:/st/stm32cubeide_1.8.0/stm32cubeide/plugins/com.st.stm32cube.ide.mcu.externaltools.gnu-tools-for-stm32.9-2020-q2-update.win32_2.0.0.202105311346/tools/bin/../lib/gcc/arm-none-eabi/9.3.1/thumb/v7e-m+fp/hard/crtbegin.o

.ccmram         0x0000000010000000        0x0 load address 0x000000000800707c
                0x0000000010000000                . = ALIGN (0x4)
                0x0000000010000000                _sccmram = .
 *(.ccmram)
 *(.ccmram*)
                0x0000000010000000                . = ALIGN (0x4)
                0x0000000010000000                _eccmram = .
                0x0000000010000000                . = ALIGN (0x4)

.bss            0x00000000200000a8      0xa04
                0x00000000200000a8                _sbss = .
                0x00000000200000a8                __bss_start__ = _sbss
 *(.bss)
 .bss           0x00000000200000a8       0x1c c:/st/stm32cubeide_1.8.0/stm32cubeide/plugins/com.st.stm32cube.ide.mcu.externaltools.gnu-tools-for-stm32.9-2020-q2-update.win32_2.0.0.202105311346/tools/bin/../lib/gcc/arm-none-eabi/9.3.1/thumb/v7e-m+fp/hard/crtbegin.o
 *(.bss*)
 .bss.rx_buffer1
                0x00000000200000c4      0x208 ./Core/Src/UartRingbuffer_multi.o
                0x00000000200000c4                rx_buffer1
 .bss.tx_buffer1
                0x00000000200002cc      0x208 ./Core/Src/UartRingbuffer_multi.o
                0x00000000200002cc                tx_buffer1
 .bss.rx_buffer2
                0x00000000200004d4      0x208 ./Core/Src/UartRingbuffer_multi.o
                0x00000000200004d4                rx_buffer2
 .bss.tx_buffer2
                0x00000000200006dc      0x208 ./Core/Src/UartRingbuffer_multi.o
                0x00000000200006dc                tx_buffer2
 .bss.LM_Guide_Step
                0x00000000200008e4        0x4 ./Core/Src/main.o
                0x00000000200008e4                LM_Guide_Step
 .bss.Limit_Cnt
                0x00000000200008e8        0x4 ./Core/Src/main.o
                0x00000000200008e8                Limit_Cnt
 .bss.LM_Position
                0x00000000200008ec        0x4 ./Core/Src/main.o
                0x00000000200008ec                LM_Position
 .bss.Locker_Move_Flag
                0x00000000200008f0        0x1 ./Core/Src/main.o
                0x00000000200008f0                Locker_Move_Flag
 *fill*         0x00000000200008f1        0x3 
 .bss.Locker_Flag
                0x00000000200008f4        0x8 ./Core/Src/main.o
                0x00000000200008f4                Locker_Flag
 .bss.Locker    0x00000000200008fc        0x8 ./Core/Src/main.o
                0x00000000200008fc                Locker
 .bss.Locker_Floor
                0x0000000020000904        0x1 ./Core/Src/main.o
                0x0000000020000904                Locker_Floor
 .bss.Elevator_Floor
                0x0000000020000905        0x1 ./Core/Src/main.o
                0x0000000020000905                Elevator_Floor
 *fill*         0x0000000020000906        0x2 
 .bss.__sbrk_heap_end
                0x0000000020000908        0x4 ./Core/Src/sysmem.o
 .bss.__malloc_free_list
                0x000000002000090c        0x4 c:/st/stm32cubeide_1.8.0/stm32cubeide/plugins/com.st.stm32cube.ide.mcu.externaltools.gnu-tools-for-stm32.9-2020-q2-update.win32_2.0.0.202105311346/tools/bin/../lib/gcc/arm-none-eabi/9.3.1/../../../../arm-none-eabi/lib/thumb/v7e-m+fp/hard\libc_nano.a(lib_a-nano-mallocr.o)
                0x000000002000090c                __malloc_free_list
 .bss.__malloc_sbrk_start
                0x0000000020000910        0x4 c:/st/stm32cubeide_1.8.0/stm32cubeide/plugins/com.st.stm32cube.ide.mcu.externaltools.gnu-tools-for-stm32.9-2020-q2-update.win32_2.0.0.202105311346/tools/bin/../lib/gcc/arm-none-eabi/9.3.1/../../../../arm-none-eabi/lib/thumb/v7e-m+fp/hard\libc_nano.a(lib_a-nano-mallocr.o)
                0x0000000020000910                __malloc_sbrk_start
 *(COMMON)
 COMMON         0x0000000020000914       0x14 ./Core/Src/ESP8266_HAL.o
                0x0000000020000914                buffer
 COMMON         0x0000000020000928       0x10 ./Core/Src/UartRingbuffer_multi.o
                0x0000000020000928                _tx_buffer2
                0x000000002000092c                _rx_buffer1
                0x0000000020000930                _tx_buffer1
                0x0000000020000934                _rx_buffer2
 COMMON         0x0000000020000938      0x160 ./Core/Src/main.o
                0x0000000020000938                huart3
                0x000000002000097c                htim3
                0x00000000200009c4                htim6
                0x0000000020000a0c                htim2
                0x0000000020000a54                huart2
 COMMON         0x0000000020000a98        0x4 ./Drivers/STM32F4xx_HAL_Driver/Src/stm32f4xx_hal.o
                0x0000000020000a98                uwTick
 COMMON         0x0000000020000a9c        0x4 c:/st/stm32cubeide_1.8.0/stm32cubeide/plugins/com.st.stm32cube.ide.mcu.externaltools.gnu-tools-for-stm32.9-2020-q2-update.win32_2.0.0.202105311346/tools/bin/../lib/gcc/arm-none-eabi/9.3.1/../../../../arm-none-eabi/lib/thumb/v7e-m+fp/hard\libc_nano.a(lib_a-reent.o)
                0x0000000020000a9c                errno
 COMMON         0x0000000020000aa0        0x9 c:/st/stm32cubeide_1.8.0/stm32cubeide/plugins/com.st.stm32cube.ide.mcu.externaltools.gnu-tools-for-stm32.9-2020-q2-update.win32_2.0.0.202105311346/tools/bin/../lib/gcc/arm-none-eabi/9.3.1/../../../../arm-none-eabi/lib/thumb/v7e-m+fp/hard\libc_nano.a(lib_a-lock.o)
                0x0000000020000aa0                __lock___atexit_recursive_mutex
                0x0000000020000aa1                __lock___arc4random_mutex
                0x0000000020000aa2                __lock___env_recursive_mutex
                0x0000000020000aa3                __lock___sinit_recursive_mutex
                0x0000000020000aa4                __lock___malloc_recursive_mutex
                0x0000000020000aa5                __lock___at_quick_exit_mutex
                0x0000000020000aa6                __lock___dd_hash_mutex
                0x0000000020000aa7                __lock___tz_mutex
                0x0000000020000aa8                __lock___sfp_recursive_mutex
                0x0000000020000aac                . = ALIGN (0x4)
 *fill*         0x0000000020000aa9        0x3 
                0x0000000020000aac                _ebss = .
                0x0000000020000aac                __bss_end__ = _ebss

._user_heap_stack
                0x0000000020000aac      0x604
                0x0000000020000ab0                . = ALIGN (0x8)
 *fill*         0x0000000020000aac        0x4 
                [!provide]                        PROVIDE (end = .)
                0x0000000020000ab0                PROVIDE (_end = .)
                0x0000000020000cb0                . = (. + _Min_Heap_Size)
 *fill*         0x0000000020000ab0      0x200 
                0x00000000200010b0                . = (. + _Min_Stack_Size)
 *fill*         0x0000000020000cb0      0x400 
                0x00000000200010b0                . = ALIGN (0x8)

/DISCARD/
 libc.a(*)
 libm.a(*)
 libgcc.a(*)

.ARM.attributes
                0x0000000000000000       0x30
 *(.ARM.attributes)
 .ARM.attributes
                0x0000000000000000       0x1e c:/st/stm32cubeide_1.8.0/stm32cubeide/plugins/com.st.stm32cube.ide.mcu.externaltools.gnu-tools-for-stm32.9-2020-q2-update.win32_2.0.0.202105311346/tools/bin/../lib/gcc/arm-none-eabi/9.3.1/thumb/v7e-m+fp/hard/crti.o
 .ARM.attributes
                0x000000000000001e       0x34 c:/st/stm32cubeide_1.8.0/stm32cubeide/plugins/com.st.stm32cube.ide.mcu.externaltools.gnu-tools-for-stm32.9-2020-q2-update.win32_2.0.0.202105311346/tools/bin/../lib/gcc/arm-none-eabi/9.3.1/thumb/v7e-m+fp/hard/crtbegin.o
 .ARM.attributes
                0x0000000000000052       0x34 ./Core/Src/ESP8266_HAL.o
 .ARM.attributes
                0x0000000000000086       0x34 ./Core/Src/UartRingbuffer_multi.o
 .ARM.attributes
                0x00000000000000ba       0x34 ./Core/Src/main.o
 .ARM.attributes
                0x00000000000000ee       0x34 ./Core/Src/stm32f4xx_hal_msp.o
 .ARM.attributes
                0x0000000000000122       0x34 ./Core/Src/stm32f4xx_it.o
 .ARM.attributes
                0x0000000000000156       0x34 ./Core/Src/sysmem.o
 .ARM.attributes
                0x000000000000018a       0x34 ./Core/Src/system_stm32f4xx.o
 .ARM.attributes
                0x00000000000001be       0x21 ./Core/Startup/startup_stm32f429zitx.o
 .ARM.attributes
                0x00000000000001df       0x34 ./Drivers/STM32F4xx_HAL_Driver/Src/stm32f4xx_hal.o
 .ARM.attributes
                0x0000000000000213       0x34 ./Drivers/STM32F4xx_HAL_Driver/Src/stm32f4xx_hal_cortex.o
 .ARM.attributes
                0x0000000000000247       0x34 ./Drivers/STM32F4xx_HAL_Driver/Src/stm32f4xx_hal_gpio.o
 .ARM.attributes
                0x000000000000027b       0x34 ./Drivers/STM32F4xx_HAL_Driver/Src/stm32f4xx_hal_rcc.o
 .ARM.attributes
                0x00000000000002af       0x34 ./Drivers/STM32F4xx_HAL_Driver/Src/stm32f4xx_hal_tim.o
 .ARM.attributes
                0x00000000000002e3       0x34 ./Drivers/STM32F4xx_HAL_Driver/Src/stm32f4xx_hal_tim_ex.o
 .ARM.attributes
                0x0000000000000317       0x34 ./Drivers/STM32F4xx_HAL_Driver/Src/stm32f4xx_hal_uart.o
 .ARM.attributes
                0x000000000000034b       0x34 c:/st/stm32cubeide_1.8.0/stm32cubeide/plugins/com.st.stm32cube.ide.mcu.externaltools.gnu-tools-for-stm32.9-2020-q2-update.win32_2.0.0.202105311346/tools/bin/../lib/gcc/arm-none-eabi/9.3.1/../../../../arm-none-eabi/lib/thumb/v7e-m+fp/hard\libc_nano.a(lib_a-errno.o)
 .ARM.attributes
                0x000000000000037f       0x32 c:/st/stm32cubeide_1.8.0/stm32cubeide/plugins/com.st.stm32cube.ide.mcu.externaltools.gnu-tools-for-stm32.9-2020-q2-update.win32_2.0.0.202105311346/tools/bin/../lib/gcc/arm-none-eabi/9.3.1/../../../../arm-none-eabi/lib/thumb/v7e-m+fp/hard\libc_nano.a(lib_a-impure.o)
 .ARM.attributes
                0x00000000000003b1       0x34 c:/st/stm32cubeide_1.8.0/stm32cubeide/plugins/com.st.stm32cube.ide.mcu.externaltools.gnu-tools-for-stm32.9-2020-q2-update.win32_2.0.0.202105311346/tools/bin/../lib/gcc/arm-none-eabi/9.3.1/../../../../arm-none-eabi/lib/thumb/v7e-m+fp/hard\libc_nano.a(lib_a-init.o)
 .ARM.attributes
                0x00000000000003e5       0x34 c:/st/stm32cubeide_1.8.0/stm32cubeide/plugins/com.st.stm32cube.ide.mcu.externaltools.gnu-tools-for-stm32.9-2020-q2-update.win32_2.0.0.202105311346/tools/bin/../lib/gcc/arm-none-eabi/9.3.1/../../../../arm-none-eabi/lib/thumb/v7e-m+fp/hard\libc_nano.a(lib_a-memset.o)
 .ARM.attributes
                0x0000000000000419       0x34 c:/st/stm32cubeide_1.8.0/stm32cubeide/plugins/com.st.stm32cube.ide.mcu.externaltools.gnu-tools-for-stm32.9-2020-q2-update.win32_2.0.0.202105311346/tools/bin/../lib/gcc/arm-none-eabi/9.3.1/../../../../arm-none-eabi/lib/thumb/v7e-m+fp/hard\libc_nano.a(lib_a-sprintf.o)
 .ARM.attributes
                0x000000000000044d       0x1c c:/st/stm32cubeide_1.8.0/stm32cubeide/plugins/com.st.stm32cube.ide.mcu.externaltools.gnu-tools-for-stm32.9-2020-q2-update.win32_2.0.0.202105311346/tools/bin/../lib/gcc/arm-none-eabi/9.3.1/../../../../arm-none-eabi/lib/thumb/v7e-m+fp/hard\libc_nano.a(lib_a-strcmp.o)
 .ARM.attributes
                0x0000000000000469       0x17 c:/st/stm32cubeide_1.8.0/stm32cubeide/plugins/com.st.stm32cube.ide.mcu.externaltools.gnu-tools-for-stm32.9-2020-q2-update.win32_2.0.0.202105311346/tools/bin/../lib/gcc/arm-none-eabi/9.3.1/../../../../arm-none-eabi/lib/thumb/v7e-m+fp/hard\libc_nano.a(lib_a-strlen.o)
 .ARM.attributes
                0x0000000000000480       0x34 c:/st/stm32cubeide_1.8.0/stm32cubeide/plugins/com.st.stm32cube.ide.mcu.externaltools.gnu-tools-for-stm32.9-2020-q2-update.win32_2.0.0.202105311346/tools/bin/../lib/gcc/arm-none-eabi/9.3.1/../../../../arm-none-eabi/lib/thumb/v7e-m+fp/hard\libc_nano.a(lib_a-nano-svfprintf.o)
 .ARM.attributes
                0x00000000000004b4       0x34 c:/st/stm32cubeide_1.8.0/stm32cubeide/plugins/com.st.stm32cube.ide.mcu.externaltools.gnu-tools-for-stm32.9-2020-q2-update.win32_2.0.0.202105311346/tools/bin/../lib/gcc/arm-none-eabi/9.3.1/../../../../arm-none-eabi/lib/thumb/v7e-m+fp/hard\libc_nano.a(lib_a-nano-vfprintf_i.o)
 .ARM.attributes
                0x00000000000004e8       0x1c c:/st/stm32cubeide_1.8.0/stm32cubeide/plugins/com.st.stm32cube.ide.mcu.externaltools.gnu-tools-for-stm32.9-2020-q2-update.win32_2.0.0.202105311346/tools/bin/../lib/gcc/arm-none-eabi/9.3.1/../../../../arm-none-eabi/lib/thumb/v7e-m+fp/hard\libc_nano.a(lib_a-memchr.o)
 .ARM.attributes
                0x0000000000000504       0x34 c:/st/stm32cubeide_1.8.0/stm32cubeide/plugins/com.st.stm32cube.ide.mcu.externaltools.gnu-tools-for-stm32.9-2020-q2-update.win32_2.0.0.202105311346/tools/bin/../lib/gcc/arm-none-eabi/9.3.1/../../../../arm-none-eabi/lib/thumb/v7e-m+fp/hard\libc_nano.a(lib_a-memcpy-stub.o)
 .ARM.attributes
                0x0000000000000538       0x34 c:/st/stm32cubeide_1.8.0/stm32cubeide/plugins/com.st.stm32cube.ide.mcu.externaltools.gnu-tools-for-stm32.9-2020-q2-update.win32_2.0.0.202105311346/tools/bin/../lib/gcc/arm-none-eabi/9.3.1/../../../../arm-none-eabi/lib/thumb/v7e-m+fp/hard\libc_nano.a(lib_a-memmove.o)
 .ARM.attributes
                0x000000000000056c       0x34 c:/st/stm32cubeide_1.8.0/stm32cubeide/plugins/com.st.stm32cube.ide.mcu.externaltools.gnu-tools-for-stm32.9-2020-q2-update.win32_2.0.0.202105311346/tools/bin/../lib/gcc/arm-none-eabi/9.3.1/../../../../arm-none-eabi/lib/thumb/v7e-m+fp/hard\libc_nano.a(lib_a-nano-freer.o)
 .ARM.attributes
                0x00000000000005a0       0x34 c:/st/stm32cubeide_1.8.0/stm32cubeide/plugins/com.st.stm32cube.ide.mcu.externaltools.gnu-tools-for-stm32.9-2020-q2-update.win32_2.0.0.202105311346/tools/bin/../lib/gcc/arm-none-eabi/9.3.1/../../../../arm-none-eabi/lib/thumb/v7e-m+fp/hard\libc_nano.a(lib_a-nano-mallocr.o)
 .ARM.attributes
                0x00000000000005d4       0x34 c:/st/stm32cubeide_1.8.0/stm32cubeide/plugins/com.st.stm32cube.ide.mcu.externaltools.gnu-tools-for-stm32.9-2020-q2-update.win32_2.0.0.202105311346/tools/bin/../lib/gcc/arm-none-eabi/9.3.1/../../../../arm-none-eabi/lib/thumb/v7e-m+fp/hard\libc_nano.a(lib_a-nano-reallocr.o)
 .ARM.attributes
                0x0000000000000608       0x34 c:/st/stm32cubeide_1.8.0/stm32cubeide/plugins/com.st.stm32cube.ide.mcu.externaltools.gnu-tools-for-stm32.9-2020-q2-update.win32_2.0.0.202105311346/tools/bin/../lib/gcc/arm-none-eabi/9.3.1/../../../../arm-none-eabi/lib/thumb/v7e-m+fp/hard\libc_nano.a(lib_a-sbrkr.o)
 .ARM.attributes
                0x000000000000063c       0x34 c:/st/stm32cubeide_1.8.0/stm32cubeide/plugins/com.st.stm32cube.ide.mcu.externaltools.gnu-tools-for-stm32.9-2020-q2-update.win32_2.0.0.202105311346/tools/bin/../lib/gcc/arm-none-eabi/9.3.1/../../../../arm-none-eabi/lib/thumb/v7e-m+fp/hard\libc_nano.a(lib_a-mlock.o)
 .ARM.attributes
                0x0000000000000670       0x34 c:/st/stm32cubeide_1.8.0/stm32cubeide/plugins/com.st.stm32cube.ide.mcu.externaltools.gnu-tools-for-stm32.9-2020-q2-update.win32_2.0.0.202105311346/tools/bin/../lib/gcc/arm-none-eabi/9.3.1/../../../../arm-none-eabi/lib/thumb/v7e-m+fp/hard\libc_nano.a(lib_a-nano-msizer.o)
 .ARM.attributes
                0x00000000000006a4       0x34 c:/st/stm32cubeide_1.8.0/stm32cubeide/plugins/com.st.stm32cube.ide.mcu.externaltools.gnu-tools-for-stm32.9-2020-q2-update.win32_2.0.0.202105311346/tools/bin/../lib/gcc/arm-none-eabi/9.3.1/../../../../arm-none-eabi/lib/thumb/v7e-m+fp/hard\libc_nano.a(lib_a-reent.o)
 .ARM.attributes
                0x00000000000006d8       0x34 c:/st/stm32cubeide_1.8.0/stm32cubeide/plugins/com.st.stm32cube.ide.mcu.externaltools.gnu-tools-for-stm32.9-2020-q2-update.win32_2.0.0.202105311346/tools/bin/../lib/gcc/arm-none-eabi/9.3.1/../../../../arm-none-eabi/lib/thumb/v7e-m+fp/hard\libc_nano.a(lib_a-lock.o)
 .ARM.attributes
                0x000000000000070c       0x1e c:/st/stm32cubeide_1.8.0/stm32cubeide/plugins/com.st.stm32cube.ide.mcu.externaltools.gnu-tools-for-stm32.9-2020-q2-update.win32_2.0.0.202105311346/tools/bin/../lib/gcc/arm-none-eabi/9.3.1/thumb/v7e-m+fp/hard\libgcc.a(_aeabi_uldivmod.o)
 .ARM.attributes
                0x000000000000072a       0x34 c:/st/stm32cubeide_1.8.0/stm32cubeide/plugins/com.st.stm32cube.ide.mcu.externaltools.gnu-tools-for-stm32.9-2020-q2-update.win32_2.0.0.202105311346/tools/bin/../lib/gcc/arm-none-eabi/9.3.1/thumb/v7e-m+fp/hard\libgcc.a(_udivmoddi4.o)
 .ARM.attributes
                0x000000000000075e       0x1e c:/st/stm32cubeide_1.8.0/stm32cubeide/plugins/com.st.stm32cube.ide.mcu.externaltools.gnu-tools-for-stm32.9-2020-q2-update.win32_2.0.0.202105311346/tools/bin/../lib/gcc/arm-none-eabi/9.3.1/thumb/v7e-m+fp/hard\libgcc.a(_dvmd_tls.o)
 .ARM.attributes
                0x000000000000077c       0x1e c:/st/stm32cubeide_1.8.0/stm32cubeide/plugins/com.st.stm32cube.ide.mcu.externaltools.gnu-tools-for-stm32.9-2020-q2-update.win32_2.0.0.202105311346/tools/bin/../lib/gcc/arm-none-eabi/9.3.1/thumb/v7e-m+fp/hard/crtn.o
OUTPUT(TUK_Car_2017132035.elf elf32-littlearm)
LOAD linker stubs
LOAD c:/st/stm32cubeide_1.8.0/stm32cubeide/plugins/com.st.stm32cube.ide.mcu.externaltools.gnu-tools-for-stm32.9-2020-q2-update.win32_2.0.0.202105311346/tools/bin/../lib/gcc/arm-none-eabi/9.3.1/../../../../arm-none-eabi/lib/thumb/v7e-m+fp/hard\libc.a
LOAD c:/st/stm32cubeide_1.8.0/stm32cubeide/plugins/com.st.stm32cube.ide.mcu.externaltools.gnu-tools-for-stm32.9-2020-q2-update.win32_2.0.0.202105311346/tools/bin/../lib/gcc/arm-none-eabi/9.3.1/../../../../arm-none-eabi/lib/thumb/v7e-m+fp/hard\libm.a
LOAD c:/st/stm32cubeide_1.8.0/stm32cubeide/plugins/com.st.stm32cube.ide.mcu.externaltools.gnu-tools-for-stm32.9-2020-q2-update.win32_2.0.0.202105311346/tools/bin/../lib/gcc/arm-none-eabi/9.3.1/thumb/v7e-m+fp/hard\libgcc.a

.debug_info     0x0000000000000000    0x108e0
 .debug_info    0x0000000000000000     0x112d ./Core/Src/ESP8266_HAL.o
 .debug_info    0x000000000000112d     0x15c8 ./Core/Src/UartRingbuffer_multi.o
 .debug_info    0x00000000000026f5     0x173e ./Core/Src/main.o
 .debug_info    0x0000000000003e33     0x1103 ./Core/Src/stm32f4xx_hal_msp.o
 .debug_info    0x0000000000004f36      0xabe ./Core/Src/stm32f4xx_it.o
 .debug_info    0x00000000000059f4      0xa25 ./Core/Src/sysmem.o
 .debug_info    0x0000000000006419      0x5c0 ./Core/Src/system_stm32f4xx.o
 .debug_info    0x00000000000069d9       0x22 ./Core/Startup/startup_stm32f429zitx.o
 .debug_info    0x00000000000069fb      0xa2a ./Drivers/STM32F4xx_HAL_Driver/Src/stm32f4xx_hal.o
 .debug_info    0x0000000000007425      0xf0d ./Drivers/STM32F4xx_HAL_Driver/Src/stm32f4xx_hal_cortex.o
 .debug_info    0x0000000000008332      0x85a ./Drivers/STM32F4xx_HAL_Driver/Src/stm32f4xx_hal_gpio.o
 .debug_info    0x0000000000008b8c      0x9b2 ./Drivers/STM32F4xx_HAL_Driver/Src/stm32f4xx_hal_rcc.o
 .debug_info    0x000000000000953e     0x2c22 ./Drivers/STM32F4xx_HAL_Driver/Src/stm32f4xx_hal_tim.o
 .debug_info    0x000000000000c160     0x15a2 ./Drivers/STM32F4xx_HAL_Driver/Src/stm32f4xx_hal_tim_ex.o
 .debug_info    0x000000000000d702     0x31de ./Drivers/STM32F4xx_HAL_Driver/Src/stm32f4xx_hal_uart.o

.debug_abbrev   0x0000000000000000     0x2074
 .debug_abbrev  0x0000000000000000      0x269 ./Core/Src/ESP8266_HAL.o
 .debug_abbrev  0x0000000000000269      0x390 ./Core/Src/UartRingbuffer_multi.o
 .debug_abbrev  0x00000000000005f9      0x291 ./Core/Src/main.o
 .debug_abbrev  0x000000000000088a      0x206 ./Core/Src/stm32f4xx_hal_msp.o
 .debug_abbrev  0x0000000000000a90      0x190 ./Core/Src/stm32f4xx_it.o
 .debug_abbrev  0x0000000000000c20      0x1bf ./Core/Src/sysmem.o
 .debug_abbrev  0x0000000000000ddf      0x145 ./Core/Src/system_stm32f4xx.o
 .debug_abbrev  0x0000000000000f24       0x12 ./Core/Startup/startup_stm32f429zitx.o
 .debug_abbrev  0x0000000000000f36      0x1ed ./Drivers/STM32F4xx_HAL_Driver/Src/stm32f4xx_hal.o
 .debug_abbrev  0x0000000000001123      0x33c ./Drivers/STM32F4xx_HAL_Driver/Src/stm32f4xx_hal_cortex.o
 .debug_abbrev  0x000000000000145f      0x1f1 ./Drivers/STM32F4xx_HAL_Driver/Src/stm32f4xx_hal_gpio.o
 .debug_abbrev  0x0000000000001650      0x275 ./Drivers/STM32F4xx_HAL_Driver/Src/stm32f4xx_hal_rcc.o
 .debug_abbrev  0x00000000000018c5      0x25e ./Drivers/STM32F4xx_HAL_Driver/Src/stm32f4xx_hal_tim.o
 .debug_abbrev  0x0000000000001b23      0x266 ./Drivers/STM32F4xx_HAL_Driver/Src/stm32f4xx_hal_tim_ex.o
 .debug_abbrev  0x0000000000001d89      0x2eb ./Drivers/STM32F4xx_HAL_Driver/Src/stm32f4xx_hal_uart.o

.debug_aranges  0x0000000000000000      0xce8
 .debug_aranges
                0x0000000000000000       0x38 ./Core/Src/ESP8266_HAL.o
 .debug_aranges
                0x0000000000000038       0x90 ./Core/Src/UartRingbuffer_multi.o
 .debug_aranges
                0x00000000000000c8       0xb0 ./Core/Src/main.o
 .debug_aranges
                0x0000000000000178       0x48 ./Core/Src/stm32f4xx_hal_msp.o
 .debug_aranges
                0x00000000000001c0       0x88 ./Core/Src/stm32f4xx_it.o
 .debug_aranges
                0x0000000000000248       0x20 ./Core/Src/sysmem.o
 .debug_aranges
                0x0000000000000268       0x28 ./Core/Src/system_stm32f4xx.o
 .debug_aranges
                0x0000000000000290       0x28 ./Core/Startup/startup_stm32f429zitx.o
 .debug_aranges
                0x00000000000002b8      0x100 ./Drivers/STM32F4xx_HAL_Driver/Src/stm32f4xx_hal.o
 .debug_aranges
                0x00000000000003b8      0x118 ./Drivers/STM32F4xx_HAL_Driver/Src/stm32f4xx_hal_cortex.o
 .debug_aranges
                0x00000000000004d0       0x58 ./Drivers/STM32F4xx_HAL_Driver/Src/stm32f4xx_hal_gpio.o
 .debug_aranges
                0x0000000000000528       0x88 ./Drivers/STM32F4xx_HAL_Driver/Src/stm32f4xx_hal_rcc.o
 .debug_aranges
                0x00000000000005b0      0x3d0 ./Drivers/STM32F4xx_HAL_Driver/Src/stm32f4xx_hal_tim.o
 .debug_aranges
                0x0000000000000980      0x168 ./Drivers/STM32F4xx_HAL_Driver/Src/stm32f4xx_hal_tim_ex.o
 .debug_aranges
                0x0000000000000ae8      0x200 ./Drivers/STM32F4xx_HAL_Driver/Src/stm32f4xx_hal_uart.o

.debug_ranges   0x0000000000000000      0xc60
 .debug_ranges  0x0000000000000000       0x28 ./Core/Src/ESP8266_HAL.o
 .debug_ranges  0x0000000000000028       0xb0 ./Core/Src/UartRingbuffer_multi.o
 .debug_ranges  0x00000000000000d8       0xa0 ./Core/Src/main.o
 .debug_ranges  0x0000000000000178       0x38 ./Core/Src/stm32f4xx_hal_msp.o
 .debug_ranges  0x00000000000001b0       0x78 ./Core/Src/stm32f4xx_it.o
 .debug_ranges  0x0000000000000228       0x10 ./Core/Src/sysmem.o
 .debug_ranges  0x0000000000000238       0x18 ./Core/Src/system_stm32f4xx.o
 .debug_ranges  0x0000000000000250       0x20 ./Core/Startup/startup_stm32f429zitx.o
 .debug_ranges  0x0000000000000270       0xf0 ./Drivers/STM32F4xx_HAL_Driver/Src/stm32f4xx_hal.o
 .debug_ranges  0x0000000000000360      0x108 ./Drivers/STM32F4xx_HAL_Driver/Src/stm32f4xx_hal_cortex.o
 .debug_ranges  0x0000000000000468       0x48 ./Drivers/STM32F4xx_HAL_Driver/Src/stm32f4xx_hal_gpio.o
 .debug_ranges  0x00000000000004b0       0x78 ./Drivers/STM32F4xx_HAL_Driver/Src/stm32f4xx_hal_rcc.o
 .debug_ranges  0x0000000000000528      0x3c0 ./Drivers/STM32F4xx_HAL_Driver/Src/stm32f4xx_hal_tim.o
 .debug_ranges  0x00000000000008e8      0x158 ./Drivers/STM32F4xx_HAL_Driver/Src/stm32f4xx_hal_tim_ex.o
 .debug_ranges  0x0000000000000a40      0x220 ./Drivers/STM32F4xx_HAL_Driver/Src/stm32f4xx_hal_uart.o

.debug_macro    0x0000000000000000    0x23c50
 .debug_macro   0x0000000000000000      0x383 ./Core/Src/ESP8266_HAL.o
 .debug_macro   0x0000000000000383      0xaa8 ./Core/Src/ESP8266_HAL.o
 .debug_macro   0x0000000000000e2b      0x29b ./Core/Src/ESP8266_HAL.o
 .debug_macro   0x00000000000010c6       0x2e ./Core/Src/ESP8266_HAL.o
 .debug_macro   0x00000000000010f4       0x28 ./Core/Src/ESP8266_HAL.o
 .debug_macro   0x000000000000111c       0x22 ./Core/Src/ESP8266_HAL.o
 .debug_macro   0x000000000000113e       0x8e ./Core/Src/ESP8266_HAL.o
 .debug_macro   0x00000000000011cc       0x51 ./Core/Src/ESP8266_HAL.o
 .debug_macro   0x000000000000121d      0x103 ./Core/Src/ESP8266_HAL.o
 .debug_macro   0x0000000000001320       0x6a ./Core/Src/ESP8266_HAL.o
 .debug_macro   0x000000000000138a      0x1df ./Core/Src/ESP8266_HAL.o
 .debug_macro   0x0000000000001569       0x1c ./Core/Src/ESP8266_HAL.o
 .debug_macro   0x0000000000001585       0x22 ./Core/Src/ESP8266_HAL.o
 .debug_macro   0x00000000000015a7       0xdf ./Core/Src/ESP8266_HAL.o
 .debug_macro   0x0000000000001686     0x102d ./Core/Src/ESP8266_HAL.o
 .debug_macro   0x00000000000026b3      0x11f ./Core/Src/ESP8266_HAL.o
 .debug_macro   0x00000000000027d2    0x17f91 ./Core/Src/ESP8266_HAL.o
 .debug_macro   0x000000000001a763       0x6d ./Core/Src/ESP8266_HAL.o
 .debug_macro   0x000000000001a7d0     0x36dd ./Core/Src/ESP8266_HAL.o
 .debug_macro   0x000000000001dead      0x174 ./Core/Src/ESP8266_HAL.o
 .debug_macro   0x000000000001e021       0x5c ./Core/Src/ESP8266_HAL.o
 .debug_macro   0x000000000001e07d      0xca5 ./Core/Src/ESP8266_HAL.o
 .debug_macro   0x000000000001ed22      0x9fe ./Core/Src/ESP8266_HAL.o
 .debug_macro   0x000000000001f720      0x116 ./Core/Src/ESP8266_HAL.o
 .debug_macro   0x000000000001f836      0x157 ./Core/Src/ESP8266_HAL.o
 .debug_macro   0x000000000001f98d       0xa5 ./Core/Src/ESP8266_HAL.o
 .debug_macro   0x000000000001fa32      0x182 ./Core/Src/ESP8266_HAL.o
 .debug_macro   0x000000000001fbb4      0x287 ./Core/Src/ESP8266_HAL.o
 .debug_macro   0x000000000001fe3b       0x5f ./Core/Src/ESP8266_HAL.o
 .debug_macro   0x000000000001fe9a      0x236 ./Core/Src/ESP8266_HAL.o
 .debug_macro   0x00000000000200d0      0x132 ./Core/Src/ESP8266_HAL.o
 .debug_macro   0x0000000000020202      0x41d ./Core/Src/ESP8266_HAL.o
 .debug_macro   0x000000000002061f       0x2e ./Core/Src/ESP8266_HAL.o
 .debug_macro   0x000000000002064d      0x11a ./Core/Src/ESP8266_HAL.o
 .debug_macro   0x0000000000020767       0xe2 ./Core/Src/ESP8266_HAL.o
 .debug_macro   0x0000000000020849       0x89 ./Core/Src/ESP8266_HAL.o
 .debug_macro   0x00000000000208d2      0x8d1 ./Core/Src/ESP8266_HAL.o
 .debug_macro   0x00000000000211a3       0x47 ./Core/Src/ESP8266_HAL.o
 .debug_macro   0x00000000000211ea      0x295 ./Core/Src/ESP8266_HAL.o
 .debug_macro   0x000000000002147f      0x134 ./Core/Src/ESP8266_HAL.o
 .debug_macro   0x00000000000215b3       0x52 ./Core/Src/ESP8266_HAL.o
 .debug_macro   0x0000000000021605       0x18 ./Core/Src/ESP8266_HAL.o
 .debug_macro   0x000000000002161d       0x3c ./Core/Src/ESP8266_HAL.o
 .debug_macro   0x0000000000021659       0x34 ./Core/Src/ESP8266_HAL.o
 .debug_macro   0x000000000002168d       0x16 ./Core/Src/ESP8266_HAL.o
 .debug_macro   0x00000000000216a3       0x35 ./Core/Src/ESP8266_HAL.o
 .debug_macro   0x00000000000216d8      0x333 ./Core/Src/ESP8266_HAL.o
 .debug_macro   0x0000000000021a0b       0x10 ./Core/Src/ESP8266_HAL.o
 .debug_macro   0x0000000000021a1b       0x16 ./Core/Src/ESP8266_HAL.o
 .debug_macro   0x0000000000021a31       0x43 ./Core/Src/ESP8266_HAL.o
 .debug_macro   0x0000000000021a74       0x34 ./Core/Src/ESP8266_HAL.o
 .debug_macro   0x0000000000021aa8       0x10 ./Core/Src/ESP8266_HAL.o
 .debug_macro   0x0000000000021ab8       0x58 ./Core/Src/ESP8266_HAL.o
 .debug_macro   0x0000000000021b10       0x71 ./Core/Src/ESP8266_HAL.o
 .debug_macro   0x0000000000021b81       0x1c ./Core/Src/ESP8266_HAL.o
 .debug_macro   0x0000000000021b9d      0x12a ./Core/Src/ESP8266_HAL.o
 .debug_macro   0x0000000000021cc7       0x10 ./Core/Src/ESP8266_HAL.o
 .debug_macro   0x0000000000021cd7       0x1c ./Core/Src/ESP8266_HAL.o
 .debug_macro   0x0000000000021cf3       0x52 ./Core/Src/ESP8266_HAL.o
 .debug_macro   0x0000000000021d45       0x22 ./Core/Src/ESP8266_HAL.o
 .debug_macro   0x0000000000021d67       0x10 ./Core/Src/ESP8266_HAL.o
 .debug_macro   0x0000000000021d77       0x40 ./Core/Src/ESP8266_HAL.o
 .debug_macro   0x0000000000021db7       0xd5 ./Core/Src/ESP8266_HAL.o
 .debug_macro   0x0000000000021e8c       0x1c ./Core/Src/ESP8266_HAL.o
 .debug_macro   0x0000000000021ea8       0x3d ./Core/Src/ESP8266_HAL.o
 .debug_macro   0x0000000000021ee5       0x16 ./Core/Src/ESP8266_HAL.o
 .debug_macro   0x0000000000021efb      0x145 ./Core/Src/ESP8266_HAL.o
 .debug_macro   0x0000000000022040       0x16 ./Core/Src/ESP8266_HAL.o
 .debug_macro   0x0000000000022056       0x20 ./Core/Src/ESP8266_HAL.o
 .debug_macro   0x0000000000022076      0x2b8 ./Core/Src/UartRingbuffer_multi.o
 .debug_macro   0x000000000002232e       0x10 ./Core/Src/UartRingbuffer_multi.o
 .debug_macro   0x000000000002233e      0x262 ./Core/Src/main.o
 .debug_macro   0x00000000000225a0       0xa6 ./Core/Src/main.o
 .debug_macro   0x0000000000022646       0x10 ./Core/Src/main.o
 .debug_macro   0x0000000000022656      0x1dd ./Core/Src/stm32f4xx_hal_msp.o
 .debug_macro   0x0000000000022833      0x1e7 ./Core/Src/stm32f4xx_it.o
 .debug_macro   0x0000000000022a1a       0xff ./Core/Src/sysmem.o
 .debug_macro   0x0000000000022b19      0x23b ./Core/Src/sysmem.o
 .debug_macro   0x0000000000022d54      0x1ce ./Core/Src/system_stm32f4xx.o
 .debug_macro   0x0000000000022f22      0x22e ./Drivers/STM32F4xx_HAL_Driver/Src/stm32f4xx_hal.o
 .debug_macro   0x0000000000023150      0x1ce ./Drivers/STM32F4xx_HAL_Driver/Src/stm32f4xx_hal_cortex.o
 .debug_macro   0x000000000002331e      0x1d4 ./Drivers/STM32F4xx_HAL_Driver/Src/stm32f4xx_hal_gpio.o
 .debug_macro   0x00000000000234f2      0x1f2 ./Drivers/STM32F4xx_HAL_Driver/Src/stm32f4xx_hal_rcc.o
 .debug_macro   0x00000000000236e4      0x1cf ./Drivers/STM32F4xx_HAL_Driver/Src/stm32f4xx_hal_tim.o
 .debug_macro   0x00000000000238b3      0x1ce ./Drivers/STM32F4xx_HAL_Driver/Src/stm32f4xx_hal_tim_ex.o
 .debug_macro   0x0000000000023a81      0x1cf ./Drivers/STM32F4xx_HAL_Driver/Src/stm32f4xx_hal_uart.o

.debug_line     0x0000000000000000     0xf34d
 .debug_line    0x0000000000000000      0xd89 ./Core/Src/ESP8266_HAL.o
 .debug_line    0x0000000000000d89      0xf1d ./Core/Src/UartRingbuffer_multi.o
 .debug_line    0x0000000000001ca6     0x108a ./Core/Src/main.o
 .debug_line    0x0000000000002d30      0x819 ./Core/Src/stm32f4xx_hal_msp.o
 .debug_line    0x0000000000003549      0x803 ./Core/Src/stm32f4xx_it.o
 .debug_line    0x0000000000003d4c      0x4f8 ./Core/Src/sysmem.o
 .debug_line    0x0000000000004244      0x748 ./Core/Src/system_stm32f4xx.o
 .debug_line    0x000000000000498c       0x88 ./Core/Startup/startup_stm32f429zitx.o
 .debug_line    0x0000000000004a14      0x9e4 ./Drivers/STM32F4xx_HAL_Driver/Src/stm32f4xx_hal.o
 .debug_line    0x00000000000053f8      0xc5d ./Drivers/STM32F4xx_HAL_Driver/Src/stm32f4xx_hal_cortex.o
 .debug_line    0x0000000000006055      0xb4c ./Drivers/STM32F4xx_HAL_Driver/Src/stm32f4xx_hal_gpio.o
 .debug_line    0x0000000000006ba1      0xd2a ./Drivers/STM32F4xx_HAL_Driver/Src/stm32f4xx_hal_rcc.o
 .debug_line    0x00000000000078cb     0x36a2 ./Drivers/STM32F4xx_HAL_Driver/Src/stm32f4xx_hal_tim.o
 .debug_line    0x000000000000af6d     0x19ab ./Drivers/STM32F4xx_HAL_Driver/Src/stm32f4xx_hal_tim_ex.o
 .debug_line    0x000000000000c918     0x2a35 ./Drivers/STM32F4xx_HAL_Driver/Src/stm32f4xx_hal_uart.o

.debug_str      0x0000000000000000    0xda884
 .debug_str     0x0000000000000000    0xd6860 ./Core/Src/ESP8266_HAL.o
                                      0xd6bde (size before relaxing)
 .debug_str     0x00000000000d6860      0x235 ./Core/Src/UartRingbuffer_multi.o
                                      0xd5e1f (size before relaxing)
 .debug_str     0x00000000000d6a95     0x1146 ./Core/Src/main.o
                                      0xd3bda (size before relaxing)
 .debug_str     0x00000000000d7bdb       0x9a ./Core/Src/stm32f4xx_hal_msp.o
                                      0xd366c (size before relaxing)
 .debug_str     0x00000000000d7c75      0x11a ./Core/Src/stm32f4xx_it.o
                                      0xd302b (size before relaxing)
 .debug_str     0x00000000000d7d8f      0x4e9 ./Core/Src/sysmem.o
                                       0x62bc (size before relaxing)
 .debug_str     0x00000000000d8278       0xaf ./Core/Src/system_stm32f4xx.o
                                      0xd26da (size before relaxing)
 .debug_str     0x00000000000d8327       0x36 ./Core/Startup/startup_stm32f429zitx.o
                                         0x8d (size before relaxing)
 .debug_str     0x00000000000d835d      0x5c8 ./Drivers/STM32F4xx_HAL_Driver/Src/stm32f4xx_hal.o
                                      0xd325b (size before relaxing)
 .debug_str     0x00000000000d8925      0x399 ./Drivers/STM32F4xx_HAL_Driver/Src/stm32f4xx_hal_cortex.o
                                      0xd2ffc (size before relaxing)
 .debug_str     0x00000000000d8cbe      0x13f ./Drivers/STM32F4xx_HAL_Driver/Src/stm32f4xx_hal_gpio.o
                                      0xd2881 (size before relaxing)
 .debug_str     0x00000000000d8dfd      0x259 ./Drivers/STM32F4xx_HAL_Driver/Src/stm32f4xx_hal_rcc.o
                                      0xd2adc (size before relaxing)
 .debug_str     0x00000000000d9056      0xd51 ./Drivers/STM32F4xx_HAL_Driver/Src/stm32f4xx_hal_tim.o
                                      0xd39f6 (size before relaxing)
 .debug_str     0x00000000000d9da7      0x4ee ./Drivers/STM32F4xx_HAL_Driver/Src/stm32f4xx_hal_tim_ex.o
                                      0xd31a7 (size before relaxing)
 .debug_str     0x00000000000da295      0x5ef ./Drivers/STM32F4xx_HAL_Driver/Src/stm32f4xx_hal_uart.o
                                      0xd304f (size before relaxing)

.comment        0x0000000000000000       0x53
 .comment       0x0000000000000000       0x53 ./Core/Src/ESP8266_HAL.o
                                         0x54 (size before relaxing)
 .comment       0x0000000000000053       0x54 ./Core/Src/UartRingbuffer_multi.o
 .comment       0x0000000000000053       0x54 ./Core/Src/main.o
 .comment       0x0000000000000053       0x54 ./Core/Src/stm32f4xx_hal_msp.o
 .comment       0x0000000000000053       0x54 ./Core/Src/stm32f4xx_it.o
 .comment       0x0000000000000053       0x54 ./Core/Src/sysmem.o
 .comment       0x0000000000000053       0x54 ./Core/Src/system_stm32f4xx.o
 .comment       0x0000000000000053       0x54 ./Drivers/STM32F4xx_HAL_Driver/Src/stm32f4xx_hal.o
 .comment       0x0000000000000053       0x54 ./Drivers/STM32F4xx_HAL_Driver/Src/stm32f4xx_hal_cortex.o
 .comment       0x0000000000000053       0x54 ./Drivers/STM32F4xx_HAL_Driver/Src/stm32f4xx_hal_gpio.o
 .comment       0x0000000000000053       0x54 ./Drivers/STM32F4xx_HAL_Driver/Src/stm32f4xx_hal_rcc.o
 .comment       0x0000000000000053       0x54 ./Drivers/STM32F4xx_HAL_Driver/Src/stm32f4xx_hal_tim.o
 .comment       0x0000000000000053       0x54 ./Drivers/STM32F4xx_HAL_Driver/Src/stm32f4xx_hal_tim_ex.o
 .comment       0x0000000000000053       0x54 ./Drivers/STM32F4xx_HAL_Driver/Src/stm32f4xx_hal_uart.o

.debug_frame    0x0000000000000000     0x39f8
 .debug_frame   0x0000000000000000       0xa8 ./Core/Src/ESP8266_HAL.o
 .debug_frame   0x00000000000000a8      0x23c ./Core/Src/UartRingbuffer_multi.o
 .debug_frame   0x00000000000002e4      0x298 ./Core/Src/main.o
 .debug_frame   0x000000000000057c       0xec ./Core/Src/stm32f4xx_hal_msp.o
 .debug_frame   0x0000000000000668      0x190 ./Core/Src/stm32f4xx_it.o
 .debug_frame   0x00000000000007f8       0x34 ./Core/Src/sysmem.o
 .debug_frame   0x000000000000082c       0x58 ./Core/Src/system_stm32f4xx.o
 .debug_frame   0x0000000000000884      0x3b4 ./Drivers/STM32F4xx_HAL_Driver/Src/stm32f4xx_hal.o
 .debug_frame   0x0000000000000c38      0x498 ./Drivers/STM32F4xx_HAL_Driver/Src/stm32f4xx_hal_cortex.o
 .debug_frame   0x00000000000010d0      0x14c ./Drivers/STM32F4xx_HAL_Driver/Src/stm32f4xx_hal_gpio.o
 .debug_frame   0x000000000000121c      0x1f0 ./Drivers/STM32F4xx_HAL_Driver/Src/stm32f4xx_hal_rcc.o
 .debug_frame   0x000000000000140c     0x11c4 ./Drivers/STM32F4xx_HAL_Driver/Src/stm32f4xx_hal_tim.o
 .debug_frame   0x00000000000025d0      0x638 ./Drivers/STM32F4xx_HAL_Driver/Src/stm32f4xx_hal_tim_ex.o
 .debug_frame   0x0000000000002c08      0x92c ./Drivers/STM32F4xx_HAL_Driver/Src/stm32f4xx_hal_uart.o
 .debug_frame   0x0000000000003534       0x20 c:/st/stm32cubeide_1.8.0/stm32cubeide/plugins/com.st.stm32cube.ide.mcu.externaltools.gnu-tools-for-stm32.9-2020-q2-update.win32_2.0.0.202105311346/tools/bin/../lib/gcc/arm-none-eabi/9.3.1/../../../../arm-none-eabi/lib/thumb/v7e-m+fp/hard\libc_nano.a(lib_a-errno.o)
 .debug_frame   0x0000000000003554       0x2c c:/st/stm32cubeide_1.8.0/stm32cubeide/plugins/com.st.stm32cube.ide.mcu.externaltools.gnu-tools-for-stm32.9-2020-q2-update.win32_2.0.0.202105311346/tools/bin/../lib/gcc/arm-none-eabi/9.3.1/../../../../arm-none-eabi/lib/thumb/v7e-m+fp/hard\libc_nano.a(lib_a-init.o)
 .debug_frame   0x0000000000003580       0x20 c:/st/stm32cubeide_1.8.0/stm32cubeide/plugins/com.st.stm32cube.ide.mcu.externaltools.gnu-tools-for-stm32.9-2020-q2-update.win32_2.0.0.202105311346/tools/bin/../lib/gcc/arm-none-eabi/9.3.1/../../../../arm-none-eabi/lib/thumb/v7e-m+fp/hard\libc_nano.a(lib_a-memset.o)
 .debug_frame   0x00000000000035a0       0x6c c:/st/stm32cubeide_1.8.0/stm32cubeide/plugins/com.st.stm32cube.ide.mcu.externaltools.gnu-tools-for-stm32.9-2020-q2-update.win32_2.0.0.202105311346/tools/bin/../lib/gcc/arm-none-eabi/9.3.1/../../../../arm-none-eabi/lib/thumb/v7e-m+fp/hard\libc_nano.a(lib_a-sprintf.o)
 .debug_frame   0x000000000000360c       0x20 c:/st/stm32cubeide_1.8.0/stm32cubeide/plugins/com.st.stm32cube.ide.mcu.externaltools.gnu-tools-for-stm32.9-2020-q2-update.win32_2.0.0.202105311346/tools/bin/../lib/gcc/arm-none-eabi/9.3.1/../../../../arm-none-eabi/lib/thumb/v7e-m+fp/hard\libc_nano.a(lib_a-strcmp.o)
 .debug_frame   0x000000000000362c       0x90 c:/st/stm32cubeide_1.8.0/stm32cubeide/plugins/com.st.stm32cube.ide.mcu.externaltools.gnu-tools-for-stm32.9-2020-q2-update.win32_2.0.0.202105311346/tools/bin/../lib/gcc/arm-none-eabi/9.3.1/../../../../arm-none-eabi/lib/thumb/v7e-m+fp/hard\libc_nano.a(lib_a-nano-svfprintf.o)
 .debug_frame   0x00000000000036bc       0x60 c:/st/stm32cubeide_1.8.0/stm32cubeide/plugins/com.st.stm32cube.ide.mcu.externaltools.gnu-tools-for-stm32.9-2020-q2-update.win32_2.0.0.202105311346/tools/bin/../lib/gcc/arm-none-eabi/9.3.1/../../../../arm-none-eabi/lib/thumb/v7e-m+fp/hard\libc_nano.a(lib_a-nano-vfprintf_i.o)
 .debug_frame   0x000000000000371c       0x28 c:/st/stm32cubeide_1.8.0/stm32cubeide/plugins/com.st.stm32cube.ide.mcu.externaltools.gnu-tools-for-stm32.9-2020-q2-update.win32_2.0.0.202105311346/tools/bin/../lib/gcc/arm-none-eabi/9.3.1/../../../../arm-none-eabi/lib/thumb/v7e-m+fp/hard\libc_nano.a(lib_a-memcpy-stub.o)
 .debug_frame   0x0000000000003744       0x28 c:/st/stm32cubeide_1.8.0/stm32cubeide/plugins/com.st.stm32cube.ide.mcu.externaltools.gnu-tools-for-stm32.9-2020-q2-update.win32_2.0.0.202105311346/tools/bin/../lib/gcc/arm-none-eabi/9.3.1/../../../../arm-none-eabi/lib/thumb/v7e-m+fp/hard\libc_nano.a(lib_a-memmove.o)
 .debug_frame   0x000000000000376c       0x38 c:/st/stm32cubeide_1.8.0/stm32cubeide/plugins/com.st.stm32cube.ide.mcu.externaltools.gnu-tools-for-stm32.9-2020-q2-update.win32_2.0.0.202105311346/tools/bin/../lib/gcc/arm-none-eabi/9.3.1/../../../../arm-none-eabi/lib/thumb/v7e-m+fp/hard\libc_nano.a(lib_a-nano-freer.o)
 .debug_frame   0x00000000000037a4       0x30 c:/st/stm32cubeide_1.8.0/stm32cubeide/plugins/com.st.stm32cube.ide.mcu.externaltools.gnu-tools-for-stm32.9-2020-q2-update.win32_2.0.0.202105311346/tools/bin/../lib/gcc/arm-none-eabi/9.3.1/../../../../arm-none-eabi/lib/thumb/v7e-m+fp/hard\libc_nano.a(lib_a-nano-mallocr.o)
 .debug_frame   0x00000000000037d4       0x3c c:/st/stm32cubeide_1.8.0/stm32cubeide/plugins/com.st.stm32cube.ide.mcu.externaltools.gnu-tools-for-stm32.9-2020-q2-update.win32_2.0.0.202105311346/tools/bin/../lib/gcc/arm-none-eabi/9.3.1/../../../../arm-none-eabi/lib/thumb/v7e-m+fp/hard\libc_nano.a(lib_a-nano-reallocr.o)
 .debug_frame   0x0000000000003810       0x2c c:/st/stm32cubeide_1.8.0/stm32cubeide/plugins/com.st.stm32cube.ide.mcu.externaltools.gnu-tools-for-stm32.9-2020-q2-update.win32_2.0.0.202105311346/tools/bin/../lib/gcc/arm-none-eabi/9.3.1/../../../../arm-none-eabi/lib/thumb/v7e-m+fp/hard\libc_nano.a(lib_a-sbrkr.o)
 .debug_frame   0x000000000000383c       0x30 c:/st/stm32cubeide_1.8.0/stm32cubeide/plugins/com.st.stm32cube.ide.mcu.externaltools.gnu-tools-for-stm32.9-2020-q2-update.win32_2.0.0.202105311346/tools/bin/../lib/gcc/arm-none-eabi/9.3.1/../../../../arm-none-eabi/lib/thumb/v7e-m+fp/hard\libc_nano.a(lib_a-mlock.o)
 .debug_frame   0x000000000000386c       0x20 c:/st/stm32cubeide_1.8.0/stm32cubeide/plugins/com.st.stm32cube.ide.mcu.externaltools.gnu-tools-for-stm32.9-2020-q2-update.win32_2.0.0.202105311346/tools/bin/../lib/gcc/arm-none-eabi/9.3.1/../../../../arm-none-eabi/lib/thumb/v7e-m+fp/hard\libc_nano.a(lib_a-nano-msizer.o)
 .debug_frame   0x000000000000388c       0x5c c:/st/stm32cubeide_1.8.0/stm32cubeide/plugins/com.st.stm32cube.ide.mcu.externaltools.gnu-tools-for-stm32.9-2020-q2-update.win32_2.0.0.202105311346/tools/bin/../lib/gcc/arm-none-eabi/9.3.1/../../../../arm-none-eabi/lib/thumb/v7e-m+fp/hard\libc_nano.a(lib_a-reent.o)
 .debug_frame   0x00000000000038e8       0xb0 c:/st/stm32cubeide_1.8.0/stm32cubeide/plugins/com.st.stm32cube.ide.mcu.externaltools.gnu-tools-for-stm32.9-2020-q2-update.win32_2.0.0.202105311346/tools/bin/../lib/gcc/arm-none-eabi/9.3.1/../../../../arm-none-eabi/lib/thumb/v7e-m+fp/hard\libc_nano.a(lib_a-lock.o)
 .debug_frame   0x0000000000003998       0x2c c:/st/stm32cubeide_1.8.0/stm32cubeide/plugins/com.st.stm32cube.ide.mcu.externaltools.gnu-tools-for-stm32.9-2020-q2-update.win32_2.0.0.202105311346/tools/bin/../lib/gcc/arm-none-eabi/9.3.1/thumb/v7e-m+fp/hard\libgcc.a(_aeabi_uldivmod.o)
 .debug_frame   0x00000000000039c4       0x34 c:/st/stm32cubeide_1.8.0/stm32cubeide/plugins/com.st.stm32cube.ide.mcu.externaltools.gnu-tools-for-stm32.9-2020-q2-update.win32_2.0.0.202105311346/tools/bin/../lib/gcc/arm-none-eabi/9.3.1/thumb/v7e-m+fp/hard\libgcc.a(_udivmoddi4.o)