main.c:118:5:main	8	static
main.c:432:6:SystemClock_Config	88	static
main.c:476:13:MX_TIM2_Init	64	static
main.c:535:13:MX_TIM3_Init	64	static
main.c:594:13:MX_TIM6_Init	16	static
main.c:632:13:MX_USART2_UART_Init	8	static
main.c:665:13:MX_USART3_UART_Init	8	static
main.c:698:13:MX_GPIO_Init	48	static
main.c:765:6:HAL_GPIO_EXTI_Callback	16	static
main.c:774:6:LM_Guide_ENA	16	static
main.c:782:6:LM_Guide_DIR	16	static
main.c:790:6:LM_Guide_Move	24	static
main.c:840:6:Wheel_DIR	16	static
main.c:854:6:TUK_Locker_Car_Move	24	static
main.c:869:6:TUK_Locker_Car_Move_Delay	24	static
main.c:893:6:HAL_TIM_PeriodElapsedCallback	16	static
main.c:919:6:HAL_TIM_PWM_PulseFinishedCallback	16	static
main.c:936:6:Elevator	16	static
main.c:993:6:Error_Handler	4	static,ignoring_inline_asm
